******************************************************************************
                  TI ARM Linker Unix v20.2.5                   
******************************************************************************
>> Linked Mon Nov 15 23:00:39 2021

OUTPUT FILE NAME:   <Lab-10.out>
ENTRY POINT SYMBOL: "_c_int00_noargs"  address: 00001a41


MEMORY CONFIGURATION

         name            origin    length      used     unused   attr    fill
----------------------  --------  ---------  --------  --------  ----  --------
  FLASH                 00000000   00040000  00001cb1  0003e34f  R  X
  SRAM                  20000000   00008000  00000706  000078fa  RW X


SEGMENT ALLOCATION MAP

run origin  load origin   length   init length attrs members
----------  ----------- ---------- ----------- ----- -------
00000000    00000000    00001cb8   00001cb8    r-x
  00000000    00000000    0000026c   0000026c    r-- .intvecs
  0000026c    0000026c    000018bc   000018bc    r-x .text
  00001b28    00001b28    00000101   00000101    r-- .const
  00001c30    00001c30    00000088   00000088    r-- .cinit
20000000    20000000    00000708   00000000    rw-
  20000000    20000000    0000045e   00000000    rw- .bss
  20000460    20000460    00000200   00000000    rw- .stack
  20000660    20000660    000000a8   00000000    rw- .data


SECTION ALLOCATION MAP

 output                                  attributes/
section   page    origin      length       input sections
--------  ----  ----------  ----------   ----------------
.intvecs   0    00000000    0000026c     
                  00000000    0000026c     tm4c123gh6pm_startup_ccs.obj (.intvecs)

.text      0    0000026c    000018bc     
                  0000026c    00000788     esp8266Lab4.obj (.text)
                  000009f4    00000602     UARTLab4.obj (.text)
                  00000ff6    00000002     --HOLE-- [fill = 0]
                  00000ff8    0000025c     SwitchDriver.obj (.text)
                  00001254    00000228     ESPDriver.obj (.text)
                  0000147c    000001d8     MotorDriver.obj (.text)
                  00001654    00000112     tm4c123gh6pm_startup_ccs.obj (.text)
                  00001766    0000009c     rtsv7M4_T_le_v4SPD16_eabi.lib : memcpy_t2.asm.obj (.text)
                  00001802    00000002     --HOLE-- [fill = 0]
                  00001804    00000088     PLL.obj (.text)
                  0000188c    0000007a     rtsv7M4_T_le_v4SPD16_eabi.lib : memset_t2.asm.obj (.text)
                  00001906    00000068                                   : copy_decompress_lzss.c.obj (.text:decompress:lzss:__TI_decompress_lzss)
                  0000196e    00000002     --HOLE-- [fill = 0]
                  00001970    0000004c                                   : atoi.c.obj (.text:atoi)
                  000019bc    00000044                                   : autoinit.c.obj (.text:__TI_auto_init_nobinit_nopinit:__TI_auto_init_nobinit_nopinit)
                  00001a00    00000040                                   : strtok.c.obj (.text:strtok)
                  00001a40    00000034                                   : boot_cortex_m.c.obj (.text:_c_int00_noargs:_c_int00_noargs)
                  00001a74    00000030     main.obj (.text)
                  00001aa4    0000002a     rtsv7M4_T_le_v4SPD16_eabi.lib : strspn.c.obj (.text:strspn)
                  00001ace    00000024                                   : strcspn.c.obj (.text:strcspn)
                  00001af2    00000014                                   : strcpy.c.obj (.text:strcpy)
                  00001b06    0000000e                                   : copy_decompress_none.c.obj (.text:decompress:none:__TI_decompress_none)
                  00001b14    0000000c                                   : copy_zero_init.c.obj (.text:decompress:ZI:__TI_zero_init)
                  00001b20    00000004                                   : pre_init.c.obj (.text:_system_pre_init)
                  00001b24    00000004                                   : exit.c.obj (.text:abort:abort)

.const     0    00001b28    00000101     
                  00001b28    00000101     rtsv7M4_T_le_v4SPD16_eabi.lib : ctype.c.obj (.const:.string:_ctypes_)

.cinit     0    00001c30    00000088     
                  00001c30    00000060     (.cinit..data.load) [load image, compression = lzss]
                  00001c90    0000000c     (__TI_handler_table)
                  00001c9c    00000004     --HOLE-- [fill = 0]
                  00001ca0    00000008     (.cinit..bss.load) [load image, compression = zero_init]
                  00001ca8    00000010     (__TI_cinit_table)

.init_array 
*          0    00000000    00000000     UNINITIALIZED

.bss       0    20000000    0000045e     UNINITIALIZED
                  20000000    00000200     (.common:Rx5Fifo)
                  20000200    00000100     esp8266Lab4.obj (.bss:Tx5Fifo)
                  20000300    00000040     UARTLab4.obj (.bss:RxFifo)
                  20000340    00000040     UARTLab4.obj (.bss:TxFifo)
                  20000380    00000040     (.common:RxMessage)
                  200003c0    00000040     (.common:serial_buf)
                  20000400    00000004     (.common:KI_1)
                  20000404    00000004     (.common:KI_2)
                  20000408    00000004     (.common:KP_1)
                  2000040c    00000004     (.common:KP_2)
                  20000410    00000004     (.common:MotorSpeed)
                  20000414    00000004     (.common:Rx5GetI)
                  20000418    00000004     (.common:Rx5PutI)
                  2000041c    00000004     (.common:Rx5PutJ)
                  20000420    00000004     (.common:RxGetI)
                  20000424    00000004     (.common:RxPutI)
                  20000428    00000004     (.common:SW1)
                  2000042c    00000004     (.common:SW2)
                  20000430    00000004     (.common:SW3)
                  20000434    00000004     (.common:Tx5GetI)
                  20000438    00000004     (.common:Tx5PutI)
                  2000043c    00000004     (.common:TxGetI)
                  20000440    00000004     (.common:TxPutI)
                  20000444    00000004     (.common:e)
                  20000448    00000004     (.common:pin_int)
                  2000044c    00000004     (.common:pin_num)
                  20000450    00000004     (.common:rps)
                  20000454    00000004     (.common:u)
                  20000458    00000002     (.common:SW_Delay1)
                  2000045a    00000002     (.common:SW_Delay2)
                  2000045c    00000002     (.common:SW_Delay3)

.data      0    20000660    000000a8     UNINITIALIZED
                  20000660    00000040     esp8266Lab4.obj (.data:auth)
                  200006a0    00000020     esp8266Lab4.obj (.data:pass)
                  200006c0    00000020     esp8266Lab4.obj (.data:ssid)
                  200006e0    0000000d     ESPDriver.obj (.data)
                  200006ed    00000008     ESPDriver.obj (.data:Pin_Float)
                  200006f5    00000008     ESPDriver.obj (.data:Pin_Integer)
                  200006fd    00000002     ESPDriver.obj (.data:Pin_Number)
                  200006ff    00000001     --HOLE--
                  20000700    00000004     SwitchDriver.obj (.data)
                  20000704    00000004     rtsv7M4_T_le_v4SPD16_eabi.lib : strtok.c.obj (.data)

.stack     0    20000460    00000200     UNINITIALIZED
                  20000460    00000004     rtsv7M4_T_le_v4SPD16_eabi.lib : boot_cortex_m.c.obj (.stack)
                  20000464    000001fc     --HOLE--

__llvm_prf_cnts 
*          0    20000000    00000000     UNINITIALIZED

MODULE SUMMARY

       Module                         code   ro data   rw data
       ------                         ----   -------   -------
    ./
       tm4c123gh6pm_startup_ccs.obj   274    620       0      
       ESPDriver.obj                  552    0         103    
       SwitchDriver.obj               604    0         22     
       MotorDriver.obj                472    0         32     
       main.obj                       48     0         0      
    +--+------------------------------+------+---------+---------+
       Total:                         1950   620       157    
                                                              
    ./inc/
       esp8266Lab4.obj                1928   0         980    
       UARTLab4.obj                   1538   0         144    
       PLL.obj                        136    0         0      
    +--+------------------------------+------+---------+---------+
       Total:                         3602   0         1124   
                                                              
    /Applications/ti/ccs1100/ccs/tools/compiler/ti-cgt-arm_20.2.5.LTS/lib/rtsv7M4_T_le_v4SPD16_eabi.lib
       ctype.c.obj                    0      257       0      
       memcpy_t2.asm.obj              156    0         0      
       memset_t2.asm.obj              122    0         0      
       copy_decompress_lzss.c.obj     104    0         0      
       atoi.c.obj                     76     0         0      
       autoinit.c.obj                 68     0         0      
       strtok.c.obj                   64     0         4      
       boot_cortex_m.c.obj            52     0         0      
       strspn.c.obj                   42     0         0      
       strcspn.c.obj                  36     0         0      
       strcpy.c.obj                   20     0         0      
       copy_decompress_none.c.obj     14     0         0      
       copy_zero_init.c.obj           12     0         0      
       exit.c.obj                     4      0         0      
       pre_init.c.obj                 4      0         0      
    +--+------------------------------+------+---------+---------+
       Total:                         774    257       4      
                                                              
       Stack:                         0      0         512    
       Linker Generated:              0      132       0      
    +--+------------------------------+------+---------+---------+
       Grand Total:                   6326   1009      1797   


LINKER GENERATED COPY TABLES

__TI_cinit_table @ 00001ca8 records: 2, size/record: 8, table size: 16
	.data: load addr=00001c30, load size=00000060 bytes, run addr=20000660, run size=000000a8 bytes, compression=lzss
	.bss: load addr=00001ca0, load size=00000008 bytes, run addr=20000000, run size=0000045e bytes, compression=zero_init


LINKER GENERATED HANDLER TABLE

__TI_handler_table @ 00001c90 records: 3, size/record: 4, table size: 12
	index: 0, handler: __TI_decompress_lzss
	index: 1, handler: __TI_decompress_none
	index: 2, handler: __TI_zero_init


GLOBAL SYMBOLS: SORTED ALPHABETICALLY BY Name 

address   name                          
-------   ----                          
00001685  ADC0Seq0_Handler              
00001687  ADC0Seq1_Handler              
00001689  ADC0Seq2_Handler              
0000168b  ADC0Seq3_Handler              
000016c9  ADC1Seq0_Handler              
000016cb  ADC1Seq1_Handler              
000016cd  ADC1Seq2_Handler              
000016cf  ADC1Seq3_Handler              
00001293  Blynk_to_TM4C_READ            
00001b25  C$$EXIT                       
000016b7  CAN0_Handler                  
000016b9  CAN1_Handler                  
000016bb  CAN2_Handler                  
0000153f  ChangeDuty                    
0000169b  Comp0_Handler                 
0000169d  Comp1_Handler                 
0000169f  Comp2_Handler                 
00001663  DebugMon_Handler              
00000635  DelayMs                       
0000174d  DisableInterrupts             
0000054b  ESP8266_AvailableInput        
0000034f  ESP8266_GetMessage            
00000665  ESP8266_Init                  
000006cd  ESP8266_Init_Safe             
00000553  ESP8266_OutChar               
000005e1  ESP8266_OutString             
00000605  ESP8266_OutUDec               
00000765  ESP8266_Reset                 
000007b9  ESP8266_SetupWiFi             
000013b3  ESP_Init                      
000013d5  ESP_Request_Time              
00001057  EdgeCounterPortF_Init         
00001751  EnableInterrupts              
0000175d  EndCritical                   
000016bd  Ethernet_Handler              
000016d3  ExtBus_Handler                
0000170d  FPU_Handler                   
20000700  FallingEdges                  
0000171d  Fan0_Handler                  
000016a3  FlashCtl_Handler              
00001669  GPIOPortA_Handler             
0000166b  GPIOPortB_Handler             
0000166d  GPIOPortC_Handler             
0000166f  GPIOPortD_Handler             
00001671  GPIOPortE_Handler             
000010fd  GPIOPortF_Handler             
000016a7  GPIOPortG_Handler             
000016a9  GPIOPortH_Handler             
000016d5  GPIOPortJ_Handler             
000016d7  GPIOPortK_Handler             
000016d9  GPIOPortL_Handler             
00001717  GPIOPortM_Handler             
00001719  GPIOPortN_Handler             
00001721  GPIOPortP1_Handler            
00001723  GPIOPortP2_Handler            
00001725  GPIOPortP3_Handler            
00001727  GPIOPortP4_Handler            
00001729  GPIOPortP5_Handler            
0000172b  GPIOPortP6_Handler            
0000172d  GPIOPortP7_Handler            
0000171f  GPIOPortP_Handler             
00001731  GPIOPortQ1_Handler            
00001733  GPIOPortQ2_Handler            
00001735  GPIOPortQ3_Handler            
00001737  GPIOPortQ4_Handler            
00001739  GPIOPortQ5_Handler            
0000173b  GPIOPortQ6_Handler            
0000173d  GPIOPortQ7_Handler            
0000172f  GPIOPortQ_Handler             
0000173f  GPIOPortR_Handler             
00001741  GPIOPortS_Handler             
000016bf  Hibernate_Handler             
00001679  I2C0_Handler                  
000016b3  I2C1_Handler                  
000016e9  I2C2_Handler                  
000016eb  I2C3_Handler                  
00001713  I2C4_Handler                  
00001715  I2C5_Handler                  
000016d1  I2S0_Handler                  
0000147d  InitMotor                     
20000400  KI_1                          
20000404  KI_2                          
20000408  KP_1                          
2000040c  KP_2                          
00001711  LPC0_Handler                  
20000410  MotorSpeed                    
0000170f  PECI0_Handler                 
0000154d  PI_Equation                   
00001805  PLL_Init                      
0000167b  PWM0Fault_Handler             
0000167d  PWM0Generator0_Handler        
0000167f  PWM0Generator1_Handler        
00001681  PWM0Generator2_Handler        
000016c3  PWM0Generator3_Handler        
0000174b  PWM1Fault_Handler             
00001743  PWM1Generator0_Handler        
00001745  PWM1Generator1_Handler        
00001747  PWM1Generator2_Handler        
00001749  PWM1Generator3_Handler        
00001665  PendSV_Handler                
200006ed  Pin_Float                     
200006f5  Pin_Integer                   
200006fd  Pin_Number                    
0000100f  PortC_Init                    
00001683  Quadrature0_Handler           
000016b5  Quadrature1_Handler           
0000171b  Quadrature2_Handler           
00001655  ResetISR                      
20000000  Rx5Fifo                       
0000026d  Rx5Fifo_Init                  
0000028b  Rx5Fifo_Put                   
000003ab  Rx5Fifo_Size                  
20000414  Rx5GetI                       
20000418  Rx5PutI                       
2000041c  Rx5PutJ                       
00000a49  RxFifo_Get                    
000009f5  RxFifo_Init                   
00000a0f  RxFifo_Put                    
00000a7d  RxFifo_Size                   
20000420  RxGetI                        
20000380  RxMessage                     
20000424  RxPutI                        
00001677  SSI0_Handler                  
000016ad  SSI1_Handler                  
000016db  SSI2_Handler                  
000016dd  SSI3_Handler                  
00001661  SVC_Handler                   
20000428  SW1                           
2000042c  SW2                           
20000430  SW3                           
20000458  SW_Delay1                     
2000045a  SW_Delay2                     
2000045c  SW_Delay3                     
00001391  Send_Information              
00001529  SetDuty                       
00001755  StartCritical                 
00000ff9  Switches_Handler              
0000112b  Switches_Init                 
0000115b  Switches_Loop                 
000016a1  SysCtl_Handler                
00001667  SysTick_Handler               
00001255  TM4C_to_Blynk                 
0000168f  Timer0A_Handler               
00001691  Timer0B_Handler               
00001693  Timer1A_Handler               
00001695  Timer1B_Handler               
00001697  Timer2A_Handler               
00001699  Timer2B_Handler               
000016af  Timer3A_Handler               
000016b1  Timer3B_Handler               
000016ed  Timer4A_Handler               
000016ef  Timer4B_Handler               
000016f1  Timer5A_Handler               
000016f3  Timer5B_Handler               
0000040b  Tx5Fifo_Get                   
000003b7  Tx5Fifo_Init                  
000003d1  Tx5Fifo_Put                   
0000043f  Tx5Fifo_Size                  
20000434  Tx5GetI                       
20000438  Tx5PutI                       
00000add  TxFifo_Get                    
00000a89  TxFifo_Init                   
00000aa3  TxFifo_Put                    
00000b11  TxFifo_Size                   
2000043c  TxGetI                        
20000440  TxPutI                        
00000d09  UART0_Handler                 
00001675  UART1_Handler                 
000016ab  UART2_Handler                 
000016df  UART3_Handler                 
000016e1  UART4_Handler                 
0000058d  UART5_Handler                 
0000044b  UART5_Init                    
000016e5  UART6_Handler                 
000016e7  UART7_Handler                 
00000caf  UART_InChar                   
00000cc1  UART_InCharNonBlock           
00000f7d  UART_InString                 
00000d81  UART_InUDec                   
00000e6d  UART_InUHex                   
00000b1d  UART_Init                     
00000bc3  UART_Init_Safe                
00000cd5  UART_OutChar                  
00000d53  UART_OutString                
00000e05  UART_OutUDec                  
00000f39  UART_OutUHex                  
000016c1  USB0_Handler                  
0000168d  WDT_Handler                   
00001763  WaitForInterrupt              
000016f5  WideTimer0A_Handler           
000016f7  WideTimer0B_Handler           
000016f9  WideTimer1A_Handler           
000016fb  WideTimer1B_Handler           
000016fd  WideTimer2A_Handler           
000016ff  WideTimer2B_Handler           
00001701  WideTimer3A_Handler           
00001703  WideTimer3B_Handler           
00001705  WideTimer4A_Handler           
00001707  WideTimer4B_Handler           
00001709  WideTimer5A_Handler           
0000170b  WideTimer5B_Handler           
20000660  __STACK_END                   
00000200  __STACK_SIZE                  
20000660  __STACK_TOP                   
00001ca8  __TI_CINIT_Base               
00001cb8  __TI_CINIT_Limit              
00001c90  __TI_Handler_Table_Base       
00001c9c  __TI_Handler_Table_Limit      
000019bd  __TI_auto_init_nobinit_nopinit
00001907  __TI_decompress_lzss          
00001b07  __TI_decompress_none          
ffffffff  __TI_pprof_out_hndl           
ffffffff  __TI_prof_data_size           
ffffffff  __TI_prof_data_start          
00000000  __TI_static_base__            
00001b15  __TI_zero_init                
0000188d  __aeabi_memclr                
0000188d  __aeabi_memclr4               
0000188d  __aeabi_memclr8               
00001767  __aeabi_memcpy                
00001767  __aeabi_memcpy4               
00001767  __aeabi_memcpy8               
0000188f  __aeabi_memset                
0000188f  __aeabi_memset4               
0000188f  __aeabi_memset8               
ffffffff  __binit__                     
ffffffff  __c_args__                    
UNDEFED   __mpu_init                    
20000460  __stack                       
20000000  __start___llvm_prf_cnts       
20000000  __stop___llvm_prf_cnts        
00001a41  _c_int00_noargs               
00001b28  _ctypes_                      
UNDEFED   _system_post_cinit            
00001b21  _system_pre_init              
00001b25  abort                         
00001971  atoi                          
20000660  auth                          
ffffffff  binit                         
20000444  e                             
200006ec  esp_ready                     
00000000  g_pfnVectors                  
00001a75  main                          
00001767  memcpy                        
00001895  memset                        
200006a0  pass                          
20000448  pin_int                       
2000044c  pin_num                       
20000450  rps                           
200003c0  serial_buf                    
200006c0  ssid                          
00001af3  strcpy                        
00001acf  strcspn                       
00001aa5  strspn                        
00001a01  strtok                        
20000454  u                             
000016c7  uDMA_Error                    
000016c5  uDMA_Handler                  
200006e0  vp2val                        
200006e1  vp3val                        
200006e2  vp4val                        
200006e3  vp5val                        
200006e4  vp6val                        
200006e8  vp74val                       
200006e5  vp7val                        


GLOBAL SYMBOLS: SORTED BY Symbol Address 

address   name                          
-------   ----                          
00000000  __TI_static_base__            
00000000  g_pfnVectors                  
00000200  __STACK_SIZE                  
0000026d  Rx5Fifo_Init                  
0000028b  Rx5Fifo_Put                   
0000034f  ESP8266_GetMessage            
000003ab  Rx5Fifo_Size                  
000003b7  Tx5Fifo_Init                  
000003d1  Tx5Fifo_Put                   
0000040b  Tx5Fifo_Get                   
0000043f  Tx5Fifo_Size                  
0000044b  UART5_Init                    
0000054b  ESP8266_AvailableInput        
00000553  ESP8266_OutChar               
0000058d  UART5_Handler                 
000005e1  ESP8266_OutString             
00000605  ESP8266_OutUDec               
00000635  DelayMs                       
00000665  ESP8266_Init                  
000006cd  ESP8266_Init_Safe             
00000765  ESP8266_Reset                 
000007b9  ESP8266_SetupWiFi             
000009f5  RxFifo_Init                   
00000a0f  RxFifo_Put                    
00000a49  RxFifo_Get                    
00000a7d  RxFifo_Size                   
00000a89  TxFifo_Init                   
00000aa3  TxFifo_Put                    
00000add  TxFifo_Get                    
00000b11  TxFifo_Size                   
00000b1d  UART_Init                     
00000bc3  UART_Init_Safe                
00000caf  UART_InChar                   
00000cc1  UART_InCharNonBlock           
00000cd5  UART_OutChar                  
00000d09  UART0_Handler                 
00000d53  UART_OutString                
00000d81  UART_InUDec                   
00000e05  UART_OutUDec                  
00000e6d  UART_InUHex                   
00000f39  UART_OutUHex                  
00000f7d  UART_InString                 
00000ff9  Switches_Handler              
0000100f  PortC_Init                    
00001057  EdgeCounterPortF_Init         
000010fd  GPIOPortF_Handler             
0000112b  Switches_Init                 
0000115b  Switches_Loop                 
00001255  TM4C_to_Blynk                 
00001293  Blynk_to_TM4C_READ            
00001391  Send_Information              
000013b3  ESP_Init                      
000013d5  ESP_Request_Time              
0000147d  InitMotor                     
00001529  SetDuty                       
0000153f  ChangeDuty                    
0000154d  PI_Equation                   
00001655  ResetISR                      
00001661  SVC_Handler                   
00001663  DebugMon_Handler              
00001665  PendSV_Handler                
00001667  SysTick_Handler               
00001669  GPIOPortA_Handler             
0000166b  GPIOPortB_Handler             
0000166d  GPIOPortC_Handler             
0000166f  GPIOPortD_Handler             
00001671  GPIOPortE_Handler             
00001675  UART1_Handler                 
00001677  SSI0_Handler                  
00001679  I2C0_Handler                  
0000167b  PWM0Fault_Handler             
0000167d  PWM0Generator0_Handler        
0000167f  PWM0Generator1_Handler        
00001681  PWM0Generator2_Handler        
00001683  Quadrature0_Handler           
00001685  ADC0Seq0_Handler              
00001687  ADC0Seq1_Handler              
00001689  ADC0Seq2_Handler              
0000168b  ADC0Seq3_Handler              
0000168d  WDT_Handler                   
0000168f  Timer0A_Handler               
00001691  Timer0B_Handler               
00001693  Timer1A_Handler               
00001695  Timer1B_Handler               
00001697  Timer2A_Handler               
00001699  Timer2B_Handler               
0000169b  Comp0_Handler                 
0000169d  Comp1_Handler                 
0000169f  Comp2_Handler                 
000016a1  SysCtl_Handler                
000016a3  FlashCtl_Handler              
000016a7  GPIOPortG_Handler             
000016a9  GPIOPortH_Handler             
000016ab  UART2_Handler                 
000016ad  SSI1_Handler                  
000016af  Timer3A_Handler               
000016b1  Timer3B_Handler               
000016b3  I2C1_Handler                  
000016b5  Quadrature1_Handler           
000016b7  CAN0_Handler                  
000016b9  CAN1_Handler                  
000016bb  CAN2_Handler                  
000016bd  Ethernet_Handler              
000016bf  Hibernate_Handler             
000016c1  USB0_Handler                  
000016c3  PWM0Generator3_Handler        
000016c5  uDMA_Handler                  
000016c7  uDMA_Error                    
000016c9  ADC1Seq0_Handler              
000016cb  ADC1Seq1_Handler              
000016cd  ADC1Seq2_Handler              
000016cf  ADC1Seq3_Handler              
000016d1  I2S0_Handler                  
000016d3  ExtBus_Handler                
000016d5  GPIOPortJ_Handler             
000016d7  GPIOPortK_Handler             
000016d9  GPIOPortL_Handler             
000016db  SSI2_Handler                  
000016dd  SSI3_Handler                  
000016df  UART3_Handler                 
000016e1  UART4_Handler                 
000016e5  UART6_Handler                 
000016e7  UART7_Handler                 
000016e9  I2C2_Handler                  
000016eb  I2C3_Handler                  
000016ed  Timer4A_Handler               
000016ef  Timer4B_Handler               
000016f1  Timer5A_Handler               
000016f3  Timer5B_Handler               
000016f5  WideTimer0A_Handler           
000016f7  WideTimer0B_Handler           
000016f9  WideTimer1A_Handler           
000016fb  WideTimer1B_Handler           
000016fd  WideTimer2A_Handler           
000016ff  WideTimer2B_Handler           
00001701  WideTimer3A_Handler           
00001703  WideTimer3B_Handler           
00001705  WideTimer4A_Handler           
00001707  WideTimer4B_Handler           
00001709  WideTimer5A_Handler           
0000170b  WideTimer5B_Handler           
0000170d  FPU_Handler                   
0000170f  PECI0_Handler                 
00001711  LPC0_Handler                  
00001713  I2C4_Handler                  
00001715  I2C5_Handler                  
00001717  GPIOPortM_Handler             
00001719  GPIOPortN_Handler             
0000171b  Quadrature2_Handler           
0000171d  Fan0_Handler                  
0000171f  GPIOPortP_Handler             
00001721  GPIOPortP1_Handler            
00001723  GPIOPortP2_Handler            
00001725  GPIOPortP3_Handler            
00001727  GPIOPortP4_Handler            
00001729  GPIOPortP5_Handler            
0000172b  GPIOPortP6_Handler            
0000172d  GPIOPortP7_Handler            
0000172f  GPIOPortQ_Handler             
00001731  GPIOPortQ1_Handler            
00001733  GPIOPortQ2_Handler            
00001735  GPIOPortQ3_Handler            
00001737  GPIOPortQ4_Handler            
00001739  GPIOPortQ5_Handler            
0000173b  GPIOPortQ6_Handler            
0000173d  GPIOPortQ7_Handler            
0000173f  GPIOPortR_Handler             
00001741  GPIOPortS_Handler             
00001743  PWM1Generator0_Handler        
00001745  PWM1Generator1_Handler        
00001747  PWM1Generator2_Handler        
00001749  PWM1Generator3_Handler        
0000174b  PWM1Fault_Handler             
0000174d  DisableInterrupts             
00001751  EnableInterrupts              
00001755  StartCritical                 
0000175d  EndCritical                   
00001763  WaitForInterrupt              
00001767  __aeabi_memcpy                
00001767  __aeabi_memcpy4               
00001767  __aeabi_memcpy8               
00001767  memcpy                        
00001805  PLL_Init                      
0000188d  __aeabi_memclr                
0000188d  __aeabi_memclr4               
0000188d  __aeabi_memclr8               
0000188f  __aeabi_memset                
0000188f  __aeabi_memset4               
0000188f  __aeabi_memset8               
00001895  memset                        
00001907  __TI_decompress_lzss          
00001971  atoi                          
000019bd  __TI_auto_init_nobinit_nopinit
00001a01  strtok                        
00001a41  _c_int00_noargs               
00001a75  main                          
00001aa5  strspn                        
00001acf  strcspn                       
00001af3  strcpy                        
00001b07  __TI_decompress_none          
00001b15  __TI_zero_init                
00001b21  _system_pre_init              
00001b25  C$$EXIT                       
00001b25  abort                         
00001b28  _ctypes_                      
00001c90  __TI_Handler_Table_Base       
00001c9c  __TI_Handler_Table_Limit      
00001ca8  __TI_CINIT_Base               
00001cb8  __TI_CINIT_Limit              
20000000  Rx5Fifo                       
20000000  __start___llvm_prf_cnts       
20000000  __stop___llvm_prf_cnts        
20000380  RxMessage                     
200003c0  serial_buf                    
20000400  KI_1                          
20000404  KI_2                          
20000408  KP_1                          
2000040c  KP_2                          
20000410  MotorSpeed                    
20000414  Rx5GetI                       
20000418  Rx5PutI                       
2000041c  Rx5PutJ                       
20000420  RxGetI                        
20000424  RxPutI                        
20000428  SW1                           
2000042c  SW2                           
20000430  SW3                           
20000434  Tx5GetI                       
20000438  Tx5PutI                       
2000043c  TxGetI                        
20000440  TxPutI                        
20000444  e                             
20000448  pin_int                       
2000044c  pin_num                       
20000450  rps                           
20000454  u                             
20000458  SW_Delay1                     
2000045a  SW_Delay2                     
2000045c  SW_Delay3                     
20000460  __stack                       
20000660  __STACK_END                   
20000660  __STACK_TOP                   
20000660  auth                          
200006a0  pass                          
200006c0  ssid                          
200006e0  vp2val                        
200006e1  vp3val                        
200006e2  vp4val                        
200006e3  vp5val                        
200006e4  vp6val                        
200006e5  vp7val                        
200006e8  vp74val                       
200006ec  esp_ready                     
200006ed  Pin_Float                     
200006f5  Pin_Integer                   
200006fd  Pin_Number                    
20000700  FallingEdges                  
ffffffff  __TI_pprof_out_hndl           
ffffffff  __TI_prof_data_size           
ffffffff  __TI_prof_data_start          
ffffffff  __binit__                     
ffffffff  __c_args__                    
ffffffff  binit                         
UNDEFED   __mpu_init                    
UNDEFED   _system_post_cinit            

[265 symbols]
