<?xml version="1.0" encoding="ISO-8859-1" ?>
<link_info>
   <banner>TI ARM Linker Unix v20.2.5.LTS</banner>
   <copyright>Copyright (c) 1996-2018 Texas Instruments Incorporated</copyright>
   <link_time>0x61933d12</link_time>
   <link_errors>0x0</link_errors>
   <output_file>Lab-10.out</output_file>
   <entry_point>
      <name>_c_int00_noargs</name>
      <address>0x1a39</address>
   </entry_point>
   <input_file_list>
      <input_file id="fl-1">
         <path>./</path>
         <kind>object</kind>
         <file>Controller.obj</file>
         <name>Controller.obj</name>
      </input_file>
      <input_file id="fl-2">
         <path>./</path>
         <kind>object</kind>
         <file>DisplayDriver.obj</file>
         <name>DisplayDriver.obj</name>
      </input_file>
      <input_file id="fl-3">
         <path>./</path>
         <kind>object</kind>
         <file>ESPDriver.obj</file>
         <name>ESPDriver.obj</name>
      </input_file>
      <input_file id="fl-4">
         <path>./</path>
         <kind>object</kind>
         <file>MotorDriver.obj</file>
         <name>MotorDriver.obj</name>
      </input_file>
      <input_file id="fl-5">
         <path>./</path>
         <kind>object</kind>
         <file>SwitchDriver.obj</file>
         <name>SwitchDriver.obj</name>
      </input_file>
      <input_file id="fl-6">
         <path>./</path>
         <kind>object</kind>
         <file>TachDriver.obj</file>
         <name>TachDriver.obj</name>
      </input_file>
      <input_file id="fl-7">
         <path>./</path>
         <kind>object</kind>
         <file>main.obj</file>
         <name>main.obj</name>
      </input_file>
      <input_file id="fl-8">
         <path>./</path>
         <kind>object</kind>
         <file>tm4c123gh6pm_startup_ccs.obj</file>
         <name>tm4c123gh6pm_startup_ccs.obj</name>
      </input_file>
      <input_file id="fl-9">
         <path>./inc/</path>
         <kind>object</kind>
         <file>ADCSWTrigger.obj</file>
         <name>ADCSWTrigger.obj</name>
      </input_file>
      <input_file id="fl-a">
         <path>./inc/</path>
         <kind>object</kind>
         <file>CortexM.obj</file>
         <name>CortexM.obj</name>
      </input_file>
      <input_file id="fl-b">
         <path>./inc/</path>
         <kind>object</kind>
         <file>LaunchPad.obj</file>
         <name>LaunchPad.obj</name>
      </input_file>
      <input_file id="fl-c">
         <path>./inc/</path>
         <kind>object</kind>
         <file>PLL.obj</file>
         <name>PLL.obj</name>
      </input_file>
      <input_file id="fl-d">
         <path>./inc/</path>
         <kind>object</kind>
         <file>PWM.obj</file>
         <name>PWM.obj</name>
      </input_file>
      <input_file id="fl-e">
         <path>./inc/</path>
         <kind>object</kind>
         <file>UARTLab4.obj</file>
         <name>UARTLab4.obj</name>
      </input_file>
      <input_file id="fl-f">
         <path>./inc/</path>
         <kind>object</kind>
         <file>Unified_Port_Init.obj</file>
         <name>Unified_Port_Init.obj</name>
      </input_file>
      <input_file id="fl-10">
         <path>./inc/</path>
         <kind>object</kind>
         <file>esp8266Lab4.obj</file>
         <name>esp8266Lab4.obj</name>
      </input_file>
      <input_file id="fl-14">
         <kind>object</kind>
         <file>&lt;internal&gt;</file>
         <name>&lt;internal&gt;</name>
      </input_file>
      <input_file id="fl-ca">
         <path>/Applications/ti/ccs1100/ccs/tools/compiler/ti-cgt-arm_20.2.5.LTS/lib/</path>
         <kind>archive</kind>
         <file>rtsv7M4_T_le_v4SPD16_eabi.lib</file>
         <name>copy_zero_init.c.obj</name>
      </input_file>
      <input_file id="fl-cb">
         <path>/Applications/ti/ccs1100/ccs/tools/compiler/ti-cgt-arm_20.2.5.LTS/lib/</path>
         <kind>archive</kind>
         <file>rtsv7M4_T_le_v4SPD16_eabi.lib</file>
         <name>copy_decompress_none.c.obj</name>
      </input_file>
      <input_file id="fl-cc">
         <path>/Applications/ti/ccs1100/ccs/tools/compiler/ti-cgt-arm_20.2.5.LTS/lib/</path>
         <kind>archive</kind>
         <file>rtsv7M4_T_le_v4SPD16_eabi.lib</file>
         <name>copy_decompress_lzss.c.obj</name>
      </input_file>
      <input_file id="fl-cd">
         <path>/Applications/ti/ccs1100/ccs/tools/compiler/ti-cgt-arm_20.2.5.LTS/lib/</path>
         <kind>archive</kind>
         <file>rtsv7M4_T_le_v4SPD16_eabi.lib</file>
         <name>atoi.c.obj</name>
      </input_file>
      <input_file id="fl-ce">
         <path>/Applications/ti/ccs1100/ccs/tools/compiler/ti-cgt-arm_20.2.5.LTS/lib/</path>
         <kind>archive</kind>
         <file>rtsv7M4_T_le_v4SPD16_eabi.lib</file>
         <name>ctype.c.obj</name>
      </input_file>
      <input_file id="fl-cf">
         <path>/Applications/ti/ccs1100/ccs/tools/compiler/ti-cgt-arm_20.2.5.LTS/lib/</path>
         <kind>archive</kind>
         <file>rtsv7M4_T_le_v4SPD16_eabi.lib</file>
         <name>strcpy.c.obj</name>
      </input_file>
      <input_file id="fl-d0">
         <path>/Applications/ti/ccs1100/ccs/tools/compiler/ti-cgt-arm_20.2.5.LTS/lib/</path>
         <kind>archive</kind>
         <file>rtsv7M4_T_le_v4SPD16_eabi.lib</file>
         <name>strtok.c.obj</name>
      </input_file>
      <input_file id="fl-d1">
         <path>/Applications/ti/ccs1100/ccs/tools/compiler/ti-cgt-arm_20.2.5.LTS/lib/</path>
         <kind>archive</kind>
         <file>rtsv7M4_T_le_v4SPD16_eabi.lib</file>
         <name>boot_cortex_m.c.obj</name>
      </input_file>
      <input_file id="fl-d2">
         <path>/Applications/ti/ccs1100/ccs/tools/compiler/ti-cgt-arm_20.2.5.LTS/lib/</path>
         <kind>archive</kind>
         <file>rtsv7M4_T_le_v4SPD16_eabi.lib</file>
         <name>memcpy_t2.asm.obj</name>
      </input_file>
      <input_file id="fl-d3">
         <path>/Applications/ti/ccs1100/ccs/tools/compiler/ti-cgt-arm_20.2.5.LTS/lib/</path>
         <kind>archive</kind>
         <file>rtsv7M4_T_le_v4SPD16_eabi.lib</file>
         <name>memset_t2.asm.obj</name>
      </input_file>
      <input_file id="fl-d4">
         <path>/Applications/ti/ccs1100/ccs/tools/compiler/ti-cgt-arm_20.2.5.LTS/lib/</path>
         <kind>archive</kind>
         <file>rtsv7M4_T_le_v4SPD16_eabi.lib</file>
         <name>autoinit.c.obj</name>
      </input_file>
      <input_file id="fl-d5">
         <path>/Applications/ti/ccs1100/ccs/tools/compiler/ti-cgt-arm_20.2.5.LTS/lib/</path>
         <kind>archive</kind>
         <file>rtsv7M4_T_le_v4SPD16_eabi.lib</file>
         <name>pre_init.c.obj</name>
      </input_file>
      <input_file id="fl-d6">
         <path>/Applications/ti/ccs1100/ccs/tools/compiler/ti-cgt-arm_20.2.5.LTS/lib/</path>
         <kind>archive</kind>
         <file>rtsv7M4_T_le_v4SPD16_eabi.lib</file>
         <name>cpy_tbl.c.obj</name>
      </input_file>
      <input_file id="fl-d7">
         <path>/Applications/ti/ccs1100/ccs/tools/compiler/ti-cgt-arm_20.2.5.LTS/lib/</path>
         <kind>archive</kind>
         <file>rtsv7M4_T_le_v4SPD16_eabi.lib</file>
         <name>exit.c.obj</name>
      </input_file>
      <input_file id="fl-d8">
         <path>/Applications/ti/ccs1100/ccs/tools/compiler/ti-cgt-arm_20.2.5.LTS/lib/</path>
         <kind>archive</kind>
         <file>rtsv7M4_T_le_v4SPD16_eabi.lib</file>
         <name>_lock.c.obj</name>
      </input_file>
      <input_file id="fl-d9">
         <path>/Applications/ti/ccs1100/ccs/tools/compiler/ti-cgt-arm_20.2.5.LTS/lib/</path>
         <kind>archive</kind>
         <file>rtsv7M4_T_le_v4SPD16_eabi.lib</file>
         <name>args_main.c.obj</name>
      </input_file>
      <input_file id="fl-da">
         <path>/Applications/ti/ccs1100/ccs/tools/compiler/ti-cgt-arm_20.2.5.LTS/lib/</path>
         <kind>archive</kind>
         <file>rtsv7M4_T_le_v4SPD16_eabi.lib</file>
         <name>strcspn.c.obj</name>
      </input_file>
      <input_file id="fl-db">
         <path>/Applications/ti/ccs1100/ccs/tools/compiler/ti-cgt-arm_20.2.5.LTS/lib/</path>
         <kind>archive</kind>
         <file>rtsv7M4_T_le_v4SPD16_eabi.lib</file>
         <name>strspn.c.obj</name>
      </input_file>
   </input_file_list>
   <object_component_list>
      <object_component id="oc-12">
         <name>.intvecs</name>
         <load_address>0x0</load_address>
         <run_address>0x0</run_address>
         <size>0x26c</size>
         <input_file_ref idref="fl-8"/>
      </object_component>
      <object_component id="oc-3f">
         <name>.text</name>
         <load_address>0x26c</load_address>
         <run_address>0x26c</run_address>
         <size>0x788</size>
         <input_file_ref idref="fl-10"/>
      </object_component>
      <object_component id="oc-2d">
         <name>.text</name>
         <load_address>0x9f4</load_address>
         <run_address>0x9f4</run_address>
         <size>0x602</size>
         <input_file_ref idref="fl-e"/>
      </object_component>
      <object_component id="oc-39">
         <name>.text</name>
         <load_address>0xff8</load_address>
         <run_address>0xff8</run_address>
         <size>0x25c</size>
         <input_file_ref idref="fl-5"/>
      </object_component>
      <object_component id="oc-13c">
         <name>.text</name>
         <load_address>0x1254</load_address>
         <run_address>0x1254</run_address>
         <size>0x1d8</size>
         <input_file_ref idref="fl-4"/>
      </object_component>
      <object_component id="oc-33">
         <name>.text</name>
         <load_address>0x142c</load_address>
         <run_address>0x142c</run_address>
         <size>0x154</size>
         <input_file_ref idref="fl-6"/>
      </object_component>
      <object_component id="oc-136">
         <name>.text</name>
         <load_address>0x1580</load_address>
         <run_address>0x1580</run_address>
         <size>0x118</size>
         <input_file_ref idref="fl-b"/>
      </object_component>
      <object_component id="oc-27">
         <name>.text</name>
         <load_address>0x1698</load_address>
         <run_address>0x1698</run_address>
         <size>0x112</size>
         <input_file_ref idref="fl-8"/>
      </object_component>
      <object_component id="oc-53">
         <name>.text</name>
         <load_address>0x17aa</load_address>
         <run_address>0x17aa</run_address>
         <size>0x9c</size>
         <input_file_ref idref="fl-d2"/>
      </object_component>
      <object_component id="oc-130">
         <name>.text</name>
         <load_address>0x1848</load_address>
         <run_address>0x1848</run_address>
         <size>0x88</size>
         <input_file_ref idref="fl-c"/>
      </object_component>
      <object_component id="oc-df">
         <name>.text</name>
         <load_address>0x18d0</load_address>
         <run_address>0x18d0</run_address>
         <size>0x7a</size>
         <input_file_ref idref="fl-d3"/>
      </object_component>
      <object_component id="oc-15">
         <name>.text:decompress:lzss:__TI_decompress_lzss</name>
         <load_address>0x194a</load_address>
         <run_address>0x194a</run_address>
         <size>0x68</size>
         <input_file_ref idref="fl-cc"/>
      </object_component>
      <object_component id="oc-14f">
         <name>.text:__TI_auto_init_nobinit_nopinit:__TI_auto_init_nobinit_nopinit</name>
         <load_address>0x19b4</load_address>
         <run_address>0x19b4</run_address>
         <size>0x44</size>
         <input_file_ref idref="fl-d4"/>
      </object_component>
      <object_component id="oc-eb">
         <name>.text</name>
         <load_address>0x19f8</load_address>
         <run_address>0x19f8</run_address>
         <size>0x40</size>
         <input_file_ref idref="fl-7"/>
      </object_component>
      <object_component id="oc-71">
         <name>.text:_c_int00_noargs:_c_int00_noargs</name>
         <load_address>0x1a38</load_address>
         <run_address>0x1a38</run_address>
         <size>0x34</size>
         <input_file_ref idref="fl-d1"/>
      </object_component>
      <object_component id="oc-1b">
         <name>.text:decompress:none:__TI_decompress_none</name>
         <load_address>0x1a6c</load_address>
         <run_address>0x1a6c</run_address>
         <size>0xe</size>
         <input_file_ref idref="fl-cb"/>
      </object_component>
      <object_component id="oc-65">
         <name>.text:decompress:ZI:__TI_zero_init</name>
         <load_address>0x1a7a</load_address>
         <run_address>0x1a7a</run_address>
         <size>0xc</size>
         <input_file_ref idref="fl-ca"/>
      </object_component>
      <object_component id="oc-e5">
         <name>.text:_system_pre_init</name>
         <load_address>0x1a86</load_address>
         <run_address>0x1a86</run_address>
         <size>0x4</size>
         <input_file_ref idref="fl-d5"/>
      </object_component>
      <object_component id="oc-143">
         <name>.text:abort:abort</name>
         <load_address>0x1a8a</load_address>
         <run_address>0x1a8a</run_address>
         <size>0x4</size>
         <input_file_ref idref="fl-d7"/>
      </object_component>
      <object_component id="oc-215">
         <name>.cinit..data.load</name>
         <load_address>0x1a90</load_address>
         <run_address>0x1a90</run_address>
         <size>0x4b</size>
      </object_component>
      <object_component id="oc-213">
         <name>__TI_handler_table</name>
         <load_address>0x1adc</load_address>
         <run_address>0x1adc</run_address>
         <size>0xc</size>
      </object_component>
      <object_component id="oc-216">
         <name>.cinit..bss.load</name>
         <load_address>0x1ae8</load_address>
         <run_address>0x1ae8</run_address>
         <size>0x8</size>
      </object_component>
      <object_component id="oc-214">
         <name>__TI_cinit_table</name>
         <load_address>0x1af0</load_address>
         <run_address>0x1af0</run_address>
         <size>0x10</size>
      </object_component>
      <object_component id="oc-a1">
         <name>.data</name>
         <load_address>0x200006a8</load_address>
         <run_address>0x200006a8</run_address>
         <size>0x4</size>
         <input_file_ref idref="fl-5"/>
      </object_component>
      <object_component id="oc-bb">
         <name>.data:ssid</name>
         <load_address>0x20000688</load_address>
         <run_address>0x20000688</run_address>
         <size>0x20</size>
         <input_file_ref idref="fl-10"/>
      </object_component>
      <object_component id="oc-be">
         <name>.data:pass</name>
         <load_address>0x20000668</load_address>
         <run_address>0x20000668</run_address>
         <size>0x20</size>
         <input_file_ref idref="fl-10"/>
      </object_component>
      <object_component id="oc-b8">
         <name>.data:auth</name>
         <load_address>0x20000628</load_address>
         <run_address>0x20000628</run_address>
         <size>0x40</size>
         <input_file_ref idref="fl-10"/>
      </object_component>
      <object_component id="oc-9c">
         <name>.bss</name>
         <uninitialized>true</uninitialized>
         <run_address>0x200003c0</run_address>
         <size>0x4</size>
         <input_file_ref idref="fl-6"/>
      </object_component>
      <object_component id="oc-8a">
         <name>.bss:RxFifo</name>
         <uninitialized>true</uninitialized>
         <run_address>0x20000300</run_address>
         <size>0x40</size>
         <input_file_ref idref="fl-e"/>
      </object_component>
      <object_component id="oc-8f">
         <name>.bss:TxFifo</name>
         <uninitialized>true</uninitialized>
         <run_address>0x20000340</run_address>
         <size>0x40</size>
         <input_file_ref idref="fl-e"/>
      </object_component>
      <object_component id="oc-b5">
         <name>.bss:Tx5Fifo</name>
         <uninitialized>true</uninitialized>
         <run_address>0x20000200</run_address>
         <size>0x100</size>
         <input_file_ref idref="fl-10"/>
      </object_component>
      <object_component id="oc-190">
         <name>.common:KP_1</name>
         <uninitialized>true</uninitialized>
         <run_address>0x200003d0</run_address>
         <size>0x4</size>
      </object_component>
      <object_component id="oc-191">
         <name>.common:KP_2</name>
         <uninitialized>true</uninitialized>
         <run_address>0x200003d4</run_address>
         <size>0x4</size>
      </object_component>
      <object_component id="oc-192">
         <name>.common:KI_1</name>
         <uninitialized>true</uninitialized>
         <run_address>0x200003c8</run_address>
         <size>0x4</size>
      </object_component>
      <object_component id="oc-193">
         <name>.common:KI_2</name>
         <uninitialized>true</uninitialized>
         <run_address>0x200003cc</run_address>
         <size>0x4</size>
      </object_component>
      <object_component id="oc-194">
         <name>.common:u</name>
         <uninitialized>true</uninitialized>
         <run_address>0x2000041c</run_address>
         <size>0x4</size>
      </object_component>
      <object_component id="oc-18f">
         <name>.common:e</name>
         <uninitialized>true</uninitialized>
         <run_address>0x20000414</run_address>
         <size>0x4</size>
      </object_component>
      <object_component id="oc-18e">
         <name>.common:rps</name>
         <uninitialized>true</uninitialized>
         <run_address>0x20000418</run_address>
         <size>0x4</size>
      </object_component>
      <object_component id="oc-18b">
         <name>.common:MotorSpeed</name>
         <uninitialized>true</uninitialized>
         <run_address>0x200003d8</run_address>
         <size>0x4</size>
      </object_component>
      <object_component id="oc-a7">
         <name>.common:SW1</name>
         <uninitialized>true</uninitialized>
         <run_address>0x200003f8</run_address>
         <size>0x4</size>
      </object_component>
      <object_component id="oc-a8">
         <name>.common:SW2</name>
         <uninitialized>true</uninitialized>
         <run_address>0x200003fc</run_address>
         <size>0x4</size>
      </object_component>
      <object_component id="oc-a4">
         <name>.common:SW3</name>
         <uninitialized>true</uninitialized>
         <run_address>0x20000400</run_address>
         <size>0x4</size>
      </object_component>
      <object_component id="oc-a9">
         <name>.common:SW_Delay1</name>
         <uninitialized>true</uninitialized>
         <run_address>0x20000420</run_address>
         <size>0x2</size>
      </object_component>
      <object_component id="oc-aa">
         <name>.common:SW_Delay2</name>
         <uninitialized>true</uninitialized>
         <run_address>0x20000422</run_address>
         <size>0x2</size>
      </object_component>
      <object_component id="oc-ab">
         <name>.common:SW_Delay3</name>
         <uninitialized>true</uninitialized>
         <run_address>0x20000424</run_address>
         <size>0x2</size>
      </object_component>
      <object_component id="oc-98">
         <name>.common:RPS</name>
         <uninitialized>true</uninitialized>
         <run_address>0x200003e0</run_address>
         <size>0x4</size>
      </object_component>
      <object_component id="oc-9b">
         <name>.common:Period</name>
         <uninitialized>true</uninitialized>
         <run_address>0x200003dc</run_address>
         <size>0x4</size>
      </object_component>
      <object_component id="oc-9f">
         <name>.common:Done</name>
         <uninitialized>true</uninitialized>
         <run_address>0x200003c4</run_address>
         <size>0x4</size>
      </object_component>
      <object_component id="oc-86">
         <name>.common:RxPutI</name>
         <uninitialized>true</uninitialized>
         <run_address>0x200003f4</run_address>
         <size>0x4</size>
      </object_component>
      <object_component id="oc-89">
         <name>.common:RxGetI</name>
         <uninitialized>true</uninitialized>
         <run_address>0x200003f0</run_address>
         <size>0x4</size>
      </object_component>
      <object_component id="oc-8d">
         <name>.common:TxPutI</name>
         <uninitialized>true</uninitialized>
         <run_address>0x20000410</run_address>
         <size>0x4</size>
      </object_component>
      <object_component id="oc-8e">
         <name>.common:TxGetI</name>
         <uninitialized>true</uninitialized>
         <run_address>0x2000040c</run_address>
         <size>0x4</size>
      </object_component>
      <object_component id="oc-ad">
         <name>.common:Rx5PutI</name>
         <uninitialized>true</uninitialized>
         <run_address>0x200003e8</run_address>
         <size>0x4</size>
      </object_component>
      <object_component id="oc-b0">
         <name>.common:Rx5PutJ</name>
         <uninitialized>true</uninitialized>
         <run_address>0x200003ec</run_address>
         <size>0x4</size>
      </object_component>
      <object_component id="oc-b1">
         <name>.common:Rx5GetI</name>
         <uninitialized>true</uninitialized>
         <run_address>0x200003e4</run_address>
         <size>0x4</size>
      </object_component>
      <object_component id="oc-b2">
         <name>.common:Rx5Fifo</name>
         <uninitialized>true</uninitialized>
         <run_address>0x20000000</run_address>
         <size>0x200</size>
      </object_component>
      <object_component id="oc-c1">
         <name>.common:RxMessage</name>
         <uninitialized>true</uninitialized>
         <run_address>0x20000380</run_address>
         <size>0x40</size>
      </object_component>
      <object_component id="oc-b3">
         <name>.common:Tx5PutI</name>
         <uninitialized>true</uninitialized>
         <run_address>0x20000408</run_address>
         <size>0x4</size>
      </object_component>
      <object_component id="oc-b4">
         <name>.common:Tx5GetI</name>
         <uninitialized>true</uninitialized>
         <run_address>0x20000404</run_address>
         <size>0x4</size>
      </object_component>
      <object_component id="oc-24">
         <name>.stack</name>
         <uninitialized>true</uninitialized>
         <run_address>0x20000428</run_address>
         <size>0x4</size>
         <input_file_ref idref="fl-d1"/>
      </object_component>
      <object_component id="oc-218">
         <name>.stack</name>
         <uninitialized>true</uninitialized>
         <run_address>0x20000428</run_address>
         <size>0x0</size>
      </object_component>
      <object_component id="oc-11f">
         <name>.debug_info</name>
         <load_address>0x0</load_address>
         <run_address>0x0</run_address>
         <size>0x32c</size>
         <input_file_ref idref="fl-2"/>
      </object_component>
      <object_component id="oc-c5">
         <name>.debug_info</name>
         <load_address>0x32c</load_address>
         <run_address>0x32c</run_address>
         <size>0x26b</size>
         <input_file_ref idref="fl-2"/>
      </object_component>
      <object_component id="oc-4e">
         <name>.debug_info</name>
         <load_address>0x597</load_address>
         <run_address>0x597</run_address>
         <size>0x84</size>
         <input_file_ref idref="fl-2"/>
      </object_component>
      <object_component id="oc-103">
         <name>.debug_info</name>
         <load_address>0x61b</load_address>
         <run_address>0x61b</run_address>
         <size>0x2a4</size>
         <input_file_ref idref="fl-2"/>
      </object_component>
      <object_component id="oc-93">
         <name>.debug_info</name>
         <load_address>0x8bf</load_address>
         <run_address>0x8bf</run_address>
         <size>0xbb</size>
         <input_file_ref idref="fl-2"/>
      </object_component>
      <object_component id="oc-183">
         <name>.debug_info</name>
         <load_address>0x97a</load_address>
         <run_address>0x97a</run_address>
         <size>0x51</size>
         <input_file_ref idref="fl-2"/>
      </object_component>
      <object_component id="oc-18c">
         <name>.debug_info</name>
         <load_address>0x9cb</load_address>
         <run_address>0x9cb</run_address>
         <size>0x34a</size>
         <input_file_ref idref="fl-4"/>
      </object_component>
      <object_component id="oc-13d">
         <name>.debug_info</name>
         <load_address>0xd15</load_address>
         <run_address>0xd15</run_address>
         <size>0x2d6</size>
         <input_file_ref idref="fl-4"/>
      </object_component>
      <object_component id="oc-a5">
         <name>.debug_info</name>
         <load_address>0xfeb</load_address>
         <run_address>0xfeb</run_address>
         <size>0x332</size>
         <input_file_ref idref="fl-5"/>
      </object_component>
      <object_component id="oc-a2">
         <name>.debug_info</name>
         <load_address>0x131d</load_address>
         <run_address>0x131d</run_address>
         <size>0xf7</size>
         <input_file_ref idref="fl-5"/>
      </object_component>
      <object_component id="oc-3a">
         <name>.debug_info</name>
         <load_address>0x1414</load_address>
         <run_address>0x1414</run_address>
         <size>0x3eb</size>
         <input_file_ref idref="fl-5"/>
      </object_component>
      <object_component id="oc-99">
         <name>.debug_info</name>
         <load_address>0x17ff</load_address>
         <run_address>0x17ff</run_address>
         <size>0x2cb</size>
         <input_file_ref idref="fl-6"/>
      </object_component>
      <object_component id="oc-9d">
         <name>.debug_info</name>
         <load_address>0x1aca</load_address>
         <run_address>0x1aca</run_address>
         <size>0xe6</size>
         <input_file_ref idref="fl-6"/>
      </object_component>
      <object_component id="oc-34">
         <name>.debug_info</name>
         <load_address>0x1bb0</load_address>
         <run_address>0x1bb0</run_address>
         <size>0x208</size>
         <input_file_ref idref="fl-6"/>
      </object_component>
      <object_component id="oc-ec">
         <name>.debug_info</name>
         <load_address>0x1db8</load_address>
         <run_address>0x1db8</run_address>
         <size>0x17f</size>
         <input_file_ref idref="fl-7"/>
      </object_component>
      <object_component id="oc-47">
         <name>.debug_info</name>
         <load_address>0x1f37</load_address>
         <run_address>0x1f37</run_address>
         <size>0x2c4</size>
         <input_file_ref idref="fl-8"/>
      </object_component>
      <object_component id="oc-13">
         <name>.debug_info</name>
         <load_address>0x21fb</load_address>
         <run_address>0x21fb</run_address>
         <size>0x103</size>
         <input_file_ref idref="fl-8"/>
      </object_component>
      <object_component id="oc-28">
         <name>.debug_info</name>
         <load_address>0x22fe</load_address>
         <run_address>0x22fe</run_address>
         <size>0x39de</size>
         <input_file_ref idref="fl-8"/>
      </object_component>
      <object_component id="oc-18a">
         <name>.debug_info</name>
         <load_address>0x5cdc</load_address>
         <run_address>0x5cdc</run_address>
         <size>0x280</size>
         <input_file_ref idref="fl-b"/>
      </object_component>
      <object_component id="oc-137">
         <name>.debug_info</name>
         <load_address>0x5f5c</load_address>
         <run_address>0x5f5c</run_address>
         <size>0x3c4</size>
         <input_file_ref idref="fl-b"/>
      </object_component>
      <object_component id="oc-131">
         <name>.debug_info</name>
         <load_address>0x6320</load_address>
         <run_address>0x6320</run_address>
         <size>0x13d</size>
         <input_file_ref idref="fl-c"/>
      </object_component>
      <object_component id="oc-87">
         <name>.debug_info</name>
         <load_address>0x645d</load_address>
         <run_address>0x645d</run_address>
         <size>0x37d</size>
         <input_file_ref idref="fl-e"/>
      </object_component>
      <object_component id="oc-8b">
         <name>.debug_info</name>
         <load_address>0x67da</load_address>
         <run_address>0x67da</run_address>
         <size>0xea</size>
         <input_file_ref idref="fl-e"/>
      </object_component>
      <object_component id="oc-90">
         <name>.debug_info</name>
         <load_address>0x68c4</load_address>
         <run_address>0x68c4</run_address>
         <size>0xea</size>
         <input_file_ref idref="fl-e"/>
      </object_component>
      <object_component id="oc-2e">
         <name>.debug_info</name>
         <load_address>0x69ae</load_address>
         <run_address>0x69ae</run_address>
         <size>0xf1e</size>
         <input_file_ref idref="fl-e"/>
      </object_component>
      <object_component id="oc-ae">
         <name>.debug_info</name>
         <load_address>0x78cc</load_address>
         <run_address>0x78cc</run_address>
         <size>0x475</size>
         <input_file_ref idref="fl-10"/>
      </object_component>
      <object_component id="oc-bc">
         <name>.debug_info</name>
         <load_address>0x7d41</load_address>
         <run_address>0x7d41</run_address>
         <size>0xea</size>
         <input_file_ref idref="fl-10"/>
      </object_component>
      <object_component id="oc-bf">
         <name>.debug_info</name>
         <load_address>0x7e2b</load_address>
         <run_address>0x7e2b</run_address>
         <size>0xea</size>
         <input_file_ref idref="fl-10"/>
      </object_component>
      <object_component id="oc-b9">
         <name>.debug_info</name>
         <load_address>0x7f15</load_address>
         <run_address>0x7f15</run_address>
         <size>0xea</size>
         <input_file_ref idref="fl-10"/>
      </object_component>
      <object_component id="oc-b6">
         <name>.debug_info</name>
         <load_address>0x7fff</load_address>
         <run_address>0x7fff</run_address>
         <size>0xef</size>
         <input_file_ref idref="fl-10"/>
      </object_component>
      <object_component id="oc-40">
         <name>.debug_info</name>
         <load_address>0x80ee</load_address>
         <run_address>0x80ee</run_address>
         <size>0xf78</size>
         <input_file_ref idref="fl-10"/>
      </object_component>
      <object_component id="oc-127">
         <name>.debug_info</name>
         <load_address>0x9066</load_address>
         <run_address>0x9066</run_address>
         <size>0x2c</size>
         <input_file_ref idref="fl-10"/>
      </object_component>
      <object_component id="oc-112">
         <name>.debug_info</name>
         <load_address>0x9092</load_address>
         <run_address>0x9092</run_address>
         <size>0x35</size>
         <input_file_ref idref="fl-10"/>
      </object_component>
      <object_component id="oc-de">
         <name>.debug_info</name>
         <load_address>0x90c7</load_address>
         <run_address>0x90c7</run_address>
         <size>0x2d4</size>
         <input_file_ref idref="fl-ca"/>
      </object_component>
      <object_component id="oc-66">
         <name>.debug_info</name>
         <load_address>0x939b</load_address>
         <run_address>0x939b</run_address>
         <size>0x1b5</size>
         <input_file_ref idref="fl-ca"/>
      </object_component>
      <object_component id="oc-d9">
         <name>.debug_info</name>
         <load_address>0x9550</load_address>
         <run_address>0x9550</run_address>
         <size>0x46</size>
         <input_file_ref idref="fl-ca"/>
      </object_component>
      <object_component id="oc-5e">
         <name>.debug_info</name>
         <load_address>0x9596</load_address>
         <run_address>0x9596</run_address>
         <size>0x2a8</size>
         <input_file_ref idref="fl-cb"/>
      </object_component>
      <object_component id="oc-1c">
         <name>.debug_info</name>
         <load_address>0x983e</load_address>
         <run_address>0x983e</run_address>
         <size>0x1ea</size>
         <input_file_ref idref="fl-cb"/>
      </object_component>
      <object_component id="oc-59">
         <name>.debug_info</name>
         <load_address>0x9a28</load_address>
         <run_address>0x9a28</run_address>
         <size>0x46</size>
         <input_file_ref idref="fl-cb"/>
      </object_component>
      <object_component id="oc-d1">
         <name>.debug_info</name>
         <load_address>0x9a6e</load_address>
         <run_address>0x9a6e</run_address>
         <size>0x2c</size>
         <input_file_ref idref="fl-cb"/>
      </object_component>
      <object_component id="oc-cf">
         <name>.debug_info</name>
         <load_address>0x9a9a</load_address>
         <run_address>0x9a9a</run_address>
         <size>0x29e</size>
         <input_file_ref idref="fl-cc"/>
      </object_component>
      <object_component id="oc-18">
         <name>.debug_info</name>
         <load_address>0x9d38</load_address>
         <run_address>0x9d38</run_address>
         <size>0x250</size>
         <input_file_ref idref="fl-cc"/>
      </object_component>
      <object_component id="oc-49">
         <name>.debug_info</name>
         <load_address>0x9f88</load_address>
         <run_address>0x9f88</run_address>
         <size>0x60</size>
         <input_file_ref idref="fl-cc"/>
      </object_component>
      <object_component id="oc-120">
         <name>.debug_info</name>
         <load_address>0x9fe8</load_address>
         <run_address>0x9fe8</run_address>
         <size>0x46</size>
         <input_file_ref idref="fl-cc"/>
      </object_component>
      <object_component id="oc-ca">
         <name>.debug_info</name>
         <load_address>0xa02e</load_address>
         <run_address>0xa02e</run_address>
         <size>0x39</size>
         <input_file_ref idref="fl-cc"/>
      </object_component>
      <object_component id="oc-25">
         <name>.debug_info</name>
         <load_address>0xa067</load_address>
         <run_address>0xa067</run_address>
         <size>0x10b</size>
         <input_file_ref idref="fl-d1"/>
      </object_component>
      <object_component id="oc-72">
         <name>.debug_info</name>
         <load_address>0xa172</load_address>
         <run_address>0xa172</run_address>
         <size>0x1a9</size>
         <input_file_ref idref="fl-d1"/>
      </object_component>
      <object_component id="oc-54">
         <name>.debug_info</name>
         <load_address>0xa31b</load_address>
         <run_address>0xa31b</run_address>
         <size>0x119</size>
         <input_file_ref idref="fl-d2"/>
      </object_component>
      <object_component id="oc-e0">
         <name>.debug_info</name>
         <load_address>0xa434</load_address>
         <run_address>0xa434</run_address>
         <size>0x147</size>
         <input_file_ref idref="fl-d3"/>
      </object_component>
      <object_component id="oc-1a1">
         <name>.debug_info</name>
         <load_address>0xa57b</load_address>
         <run_address>0xa57b</run_address>
         <size>0x4b3</size>
         <input_file_ref idref="fl-d4"/>
      </object_component>
      <object_component id="oc-150">
         <name>.debug_info</name>
         <load_address>0xaa2e</load_address>
         <run_address>0xaa2e</run_address>
         <size>0x1a6</size>
         <input_file_ref idref="fl-d4"/>
      </object_component>
      <object_component id="oc-1ca">
         <name>.debug_info</name>
         <load_address>0xabd4</load_address>
         <run_address>0xabd4</run_address>
         <size>0x39</size>
         <input_file_ref idref="fl-d4"/>
      </object_component>
      <object_component id="oc-1de">
         <name>.debug_info</name>
         <load_address>0xac0d</load_address>
         <run_address>0xac0d</run_address>
         <size>0x39</size>
         <input_file_ref idref="fl-d4"/>
      </object_component>
      <object_component id="oc-1cf">
         <name>.debug_info</name>
         <load_address>0xac46</load_address>
         <run_address>0xac46</run_address>
         <size>0x39</size>
         <input_file_ref idref="fl-d4"/>
      </object_component>
      <object_component id="oc-1d4">
         <name>.debug_info</name>
         <load_address>0xac7f</load_address>
         <run_address>0xac7f</run_address>
         <size>0xcd</size>
         <input_file_ref idref="fl-d4"/>
      </object_component>
      <object_component id="oc-e6">
         <name>.debug_info</name>
         <load_address>0xad4c</load_address>
         <run_address>0xad4c</run_address>
         <size>0x153</size>
         <input_file_ref idref="fl-d5"/>
      </object_component>
      <object_component id="oc-144">
         <name>.debug_info</name>
         <load_address>0xae9f</load_address>
         <run_address>0xae9f</run_address>
         <size>0x122</size>
         <input_file_ref idref="fl-d7"/>
      </object_component>
      <object_component id="oc-219">
         <name>.debug_info</name>
         <load_address>0xafc1</load_address>
         <run_address>0xafc1</run_address>
         <size>0xb6</size>
      </object_component>
      <object_component id="oc-182">
         <name>.debug_line</name>
         <load_address>0x0</load_address>
         <run_address>0x0</run_address>
         <size>0x70</size>
         <input_file_ref idref="fl-2"/>
      </object_component>
      <object_component id="oc-c8">
         <name>.debug_line</name>
         <load_address>0x70</load_address>
         <run_address>0x70</run_address>
         <size>0x7a</size>
         <input_file_ref idref="fl-2"/>
      </object_component>
      <object_component id="oc-51">
         <name>.debug_line</name>
         <load_address>0xea</load_address>
         <run_address>0xea</run_address>
         <size>0x20</size>
         <input_file_ref idref="fl-2"/>
      </object_component>
      <object_component id="oc-106">
         <name>.debug_line</name>
         <load_address>0x10a</load_address>
         <run_address>0x10a</run_address>
         <size>0x7e</size>
         <input_file_ref idref="fl-2"/>
      </object_component>
      <object_component id="oc-96">
         <name>.debug_line</name>
         <load_address>0x188</load_address>
         <run_address>0x188</run_address>
         <size>0x7b</size>
         <input_file_ref idref="fl-2"/>
      </object_component>
      <object_component id="oc-186">
         <name>.debug_line</name>
         <load_address>0x203</load_address>
         <run_address>0x203</run_address>
         <size>0x70</size>
         <input_file_ref idref="fl-2"/>
      </object_component>
      <object_component id="oc-1b9">
         <name>.debug_line</name>
         <load_address>0x273</load_address>
         <run_address>0x273</run_address>
         <size>0x34</size>
         <input_file_ref idref="fl-4"/>
      </object_component>
      <object_component id="oc-140">
         <name>.debug_line</name>
         <load_address>0x2a7</load_address>
         <run_address>0x2a7</run_address>
         <size>0xd4</size>
         <input_file_ref idref="fl-4"/>
      </object_component>
      <object_component id="oc-10f">
         <name>.debug_line</name>
         <load_address>0x37b</load_address>
         <run_address>0x37b</run_address>
         <size>0x35</size>
         <input_file_ref idref="fl-5"/>
      </object_component>
      <object_component id="oc-10d">
         <name>.debug_line</name>
         <load_address>0x3b0</load_address>
         <run_address>0x3b0</run_address>
         <size>0x35</size>
         <input_file_ref idref="fl-5"/>
      </object_component>
      <object_component id="oc-3d">
         <name>.debug_line</name>
         <load_address>0x3e5</load_address>
         <run_address>0x3e5</run_address>
         <size>0x122</size>
         <input_file_ref idref="fl-5"/>
      </object_component>
      <object_component id="oc-109">
         <name>.debug_line</name>
         <load_address>0x507</load_address>
         <run_address>0x507</run_address>
         <size>0x33</size>
         <input_file_ref idref="fl-6"/>
      </object_component>
      <object_component id="oc-10b">
         <name>.debug_line</name>
         <load_address>0x53a</load_address>
         <run_address>0x53a</run_address>
         <size>0x33</size>
         <input_file_ref idref="fl-6"/>
      </object_component>
      <object_component id="oc-37">
         <name>.debug_line</name>
         <load_address>0x56d</load_address>
         <run_address>0x56d</run_address>
         <size>0x94</size>
         <input_file_ref idref="fl-6"/>
      </object_component>
      <object_component id="oc-ef">
         <name>.debug_line</name>
         <load_address>0x601</load_address>
         <run_address>0x601</run_address>
         <size>0x4e</size>
         <input_file_ref idref="fl-7"/>
      </object_component>
      <object_component id="oc-c4">
         <name>.debug_line</name>
         <load_address>0x64f</load_address>
         <run_address>0x64f</run_address>
         <size>0x41</size>
         <input_file_ref idref="fl-8"/>
      </object_component>
      <object_component id="oc-46">
         <name>.debug_line</name>
         <load_address>0x690</load_address>
         <run_address>0x690</run_address>
         <size>0x41</size>
         <input_file_ref idref="fl-8"/>
      </object_component>
      <object_component id="oc-2b">
         <name>.debug_line</name>
         <load_address>0x6d1</load_address>
         <run_address>0x6d1</run_address>
         <size>0xc38</size>
         <input_file_ref idref="fl-8"/>
      </object_component>
      <object_component id="oc-1b7">
         <name>.debug_line</name>
         <load_address>0x1309</load_address>
         <run_address>0x1309</run_address>
         <size>0x20</size>
         <input_file_ref idref="fl-b"/>
      </object_component>
      <object_component id="oc-13a">
         <name>.debug_line</name>
         <load_address>0x1329</load_address>
         <run_address>0x1329</run_address>
         <size>0x102</size>
         <input_file_ref idref="fl-b"/>
      </object_component>
      <object_component id="oc-134">
         <name>.debug_line</name>
         <load_address>0x142b</load_address>
         <run_address>0x142b</run_address>
         <size>0x56</size>
         <input_file_ref idref="fl-c"/>
      </object_component>
      <object_component id="oc-fe">
         <name>.debug_line</name>
         <load_address>0x1481</load_address>
         <run_address>0x1481</run_address>
         <size>0x35</size>
         <input_file_ref idref="fl-e"/>
      </object_component>
      <object_component id="oc-100">
         <name>.debug_line</name>
         <load_address>0x14b6</load_address>
         <run_address>0x14b6</run_address>
         <size>0x35</size>
         <input_file_ref idref="fl-e"/>
      </object_component>
      <object_component id="oc-102">
         <name>.debug_line</name>
         <load_address>0x14eb</load_address>
         <run_address>0x14eb</run_address>
         <size>0x35</size>
         <input_file_ref idref="fl-e"/>
      </object_component>
      <object_component id="oc-31">
         <name>.debug_line</name>
         <load_address>0x1520</load_address>
         <run_address>0x1520</run_address>
         <size>0x3c4</size>
         <input_file_ref idref="fl-e"/>
      </object_component>
      <object_component id="oc-111">
         <name>.debug_line</name>
         <load_address>0x18e4</load_address>
         <run_address>0x18e4</run_address>
         <size>0x4d</size>
         <input_file_ref idref="fl-10"/>
      </object_component>
      <object_component id="oc-11c">
         <name>.debug_line</name>
         <load_address>0x1931</load_address>
         <run_address>0x1931</run_address>
         <size>0x38</size>
         <input_file_ref idref="fl-10"/>
      </object_component>
      <object_component id="oc-11e">
         <name>.debug_line</name>
         <load_address>0x1969</load_address>
         <run_address>0x1969</run_address>
         <size>0x38</size>
         <input_file_ref idref="fl-10"/>
      </object_component>
      <object_component id="oc-11a">
         <name>.debug_line</name>
         <load_address>0x19a1</load_address>
         <run_address>0x19a1</run_address>
         <size>0x38</size>
         <input_file_ref idref="fl-10"/>
      </object_component>
      <object_component id="oc-118">
         <name>.debug_line</name>
         <load_address>0x19d9</load_address>
         <run_address>0x19d9</run_address>
         <size>0x38</size>
         <input_file_ref idref="fl-10"/>
      </object_component>
      <object_component id="oc-43">
         <name>.debug_line</name>
         <load_address>0x1a11</load_address>
         <run_address>0x1a11</run_address>
         <size>0x365</size>
         <input_file_ref idref="fl-10"/>
      </object_component>
      <object_component id="oc-12a">
         <name>.debug_line</name>
         <load_address>0x1d76</load_address>
         <run_address>0x1d76</run_address>
         <size>0x76</size>
         <input_file_ref idref="fl-10"/>
      </object_component>
      <object_component id="oc-115">
         <name>.debug_line</name>
         <load_address>0x1dec</load_address>
         <run_address>0x1dec</run_address>
         <size>0x7f</size>
         <input_file_ref idref="fl-10"/>
      </object_component>
      <object_component id="oc-12d">
         <name>.debug_line</name>
         <load_address>0x1e6b</load_address>
         <run_address>0x1e6b</run_address>
         <size>0x92</size>
         <input_file_ref idref="fl-ca"/>
      </object_component>
      <object_component id="oc-69">
         <name>.debug_line</name>
         <load_address>0x1efd</load_address>
         <run_address>0x1efd</run_address>
         <size>0x53</size>
         <input_file_ref idref="fl-ca"/>
      </object_component>
      <object_component id="oc-dc">
         <name>.debug_line</name>
         <load_address>0x1f50</load_address>
         <run_address>0x1f50</run_address>
         <size>0x34</size>
         <input_file_ref idref="fl-ca"/>
      </object_component>
      <object_component id="oc-d7">
         <name>.debug_line</name>
         <load_address>0x1f84</load_address>
         <run_address>0x1f84</run_address>
         <size>0x20</size>
         <input_file_ref idref="fl-cb"/>
      </object_component>
      <object_component id="oc-1f">
         <name>.debug_line</name>
         <load_address>0x1fa4</load_address>
         <run_address>0x1fa4</run_address>
         <size>0x55</size>
         <input_file_ref idref="fl-cb"/>
      </object_component>
      <object_component id="oc-5c">
         <name>.debug_line</name>
         <load_address>0x1ff9</load_address>
         <run_address>0x1ff9</run_address>
         <size>0x3a</size>
         <input_file_ref idref="fl-cb"/>
      </object_component>
      <object_component id="oc-d4">
         <name>.debug_line</name>
         <load_address>0x2033</load_address>
         <run_address>0x2033</run_address>
         <size>0x92</size>
         <input_file_ref idref="fl-cb"/>
      </object_component>
      <object_component id="oc-126">
         <name>.debug_line</name>
         <load_address>0x20c5</load_address>
         <run_address>0x20c5</run_address>
         <size>0x20</size>
         <input_file_ref idref="fl-cc"/>
      </object_component>
      <object_component id="oc-1a">
         <name>.debug_line</name>
         <load_address>0x20e5</load_address>
         <run_address>0x20e5</run_address>
         <size>0xa9</size>
         <input_file_ref idref="fl-cc"/>
      </object_component>
      <object_component id="oc-4c">
         <name>.debug_line</name>
         <load_address>0x218e</load_address>
         <run_address>0x218e</run_address>
         <size>0x3a</size>
         <input_file_ref idref="fl-cc"/>
      </object_component>
      <object_component id="oc-123">
         <name>.debug_line</name>
         <load_address>0x21c8</load_address>
         <run_address>0x21c8</run_address>
         <size>0x9a</size>
         <input_file_ref idref="fl-cc"/>
      </object_component>
      <object_component id="oc-cd">
         <name>.debug_line</name>
         <load_address>0x2262</load_address>
         <run_address>0x2262</run_address>
         <size>0x96</size>
         <input_file_ref idref="fl-cc"/>
      </object_component>
      <object_component id="oc-84">
         <name>.debug_line</name>
         <load_address>0x22f8</load_address>
         <run_address>0x22f8</run_address>
         <size>0x33</size>
         <input_file_ref idref="fl-d1"/>
      </object_component>
      <object_component id="oc-75">
         <name>.debug_line</name>
         <load_address>0x232b</load_address>
         <run_address>0x232b</run_address>
         <size>0x45</size>
         <input_file_ref idref="fl-d1"/>
      </object_component>
      <object_component id="oc-57">
         <name>.debug_line</name>
         <load_address>0x2370</load_address>
         <run_address>0x2370</run_address>
         <size>0x88</size>
         <input_file_ref idref="fl-d2"/>
      </object_component>
      <object_component id="oc-e3">
         <name>.debug_line</name>
         <load_address>0x23f8</load_address>
         <run_address>0x23f8</run_address>
         <size>0x79</size>
         <input_file_ref idref="fl-d3"/>
      </object_component>
      <object_component id="oc-1c9">
         <name>.debug_line</name>
         <load_address>0x2471</load_address>
         <run_address>0x2471</run_address>
         <size>0xbf</size>
         <input_file_ref idref="fl-d4"/>
      </object_component>
      <object_component id="oc-153">
         <name>.debug_line</name>
         <load_address>0x2530</load_address>
         <run_address>0x2530</run_address>
         <size>0x6f</size>
         <input_file_ref idref="fl-d4"/>
      </object_component>
      <object_component id="oc-1cd">
         <name>.debug_line</name>
         <load_address>0x259f</load_address>
         <run_address>0x259f</run_address>
         <size>0x2e</size>
         <input_file_ref idref="fl-d4"/>
      </object_component>
      <object_component id="oc-1e1">
         <name>.debug_line</name>
         <load_address>0x25cd</load_address>
         <run_address>0x25cd</run_address>
         <size>0x9a</size>
         <input_file_ref idref="fl-d4"/>
      </object_component>
      <object_component id="oc-1d2">
         <name>.debug_line</name>
         <load_address>0x2667</load_address>
         <run_address>0x2667</run_address>
         <size>0x97</size>
         <input_file_ref idref="fl-d4"/>
      </object_component>
      <object_component id="oc-1d7">
         <name>.debug_line</name>
         <load_address>0x26fe</load_address>
         <run_address>0x26fe</run_address>
         <size>0x93</size>
         <input_file_ref idref="fl-d4"/>
      </object_component>
      <object_component id="oc-e9">
         <name>.debug_line</name>
         <load_address>0x2791</load_address>
         <run_address>0x2791</run_address>
         <size>0x40</size>
         <input_file_ref idref="fl-d5"/>
      </object_component>
      <object_component id="oc-147">
         <name>.debug_line</name>
         <load_address>0x27d1</load_address>
         <run_address>0x27d1</run_address>
         <size>0x3c</size>
         <input_file_ref idref="fl-d7"/>
      </object_component>
      <object_component id="oc-181">
         <name>.debug_abbrev</name>
         <load_address>0x0</load_address>
         <run_address>0x0</run_address>
         <size>0x79</size>
         <input_file_ref idref="fl-2"/>
      </object_component>
      <object_component id="oc-c7">
         <name>.debug_abbrev</name>
         <load_address>0x79</load_address>
         <run_address>0x79</run_address>
         <size>0x69</size>
         <input_file_ref idref="fl-2"/>
      </object_component>
      <object_component id="oc-50">
         <name>.debug_abbrev</name>
         <load_address>0xe2</load_address>
         <run_address>0xe2</run_address>
         <size>0x1f</size>
         <input_file_ref idref="fl-2"/>
      </object_component>
      <object_component id="oc-105">
         <name>.debug_abbrev</name>
         <load_address>0x101</load_address>
         <run_address>0x101</run_address>
         <size>0x5c</size>
         <input_file_ref idref="fl-2"/>
      </object_component>
      <object_component id="oc-95">
         <name>.debug_abbrev</name>
         <load_address>0x15d</load_address>
         <run_address>0x15d</run_address>
         <size>0x24</size>
         <input_file_ref idref="fl-2"/>
      </object_component>
      <object_component id="oc-185">
         <name>.debug_abbrev</name>
         <load_address>0x181</load_address>
         <run_address>0x181</run_address>
         <size>0x33</size>
         <input_file_ref idref="fl-2"/>
      </object_component>
      <object_component id="oc-1b8">
         <name>.debug_abbrev</name>
         <load_address>0x1b4</load_address>
         <run_address>0x1b4</run_address>
         <size>0x44</size>
         <input_file_ref idref="fl-4"/>
      </object_component>
      <object_component id="oc-195">
         <name>.debug_abbrev</name>
         <load_address>0x1f8</load_address>
         <run_address>0x1f8</run_address>
         <size>0xa9</size>
         <input_file_ref idref="fl-4"/>
      </object_component>
      <object_component id="oc-10e">
         <name>.debug_abbrev</name>
         <load_address>0x2a1</load_address>
         <run_address>0x2a1</run_address>
         <size>0x44</size>
         <input_file_ref idref="fl-5"/>
      </object_component>
      <object_component id="oc-10c">
         <name>.debug_abbrev</name>
         <load_address>0x2e5</load_address>
         <run_address>0x2e5</run_address>
         <size>0x29</size>
         <input_file_ref idref="fl-5"/>
      </object_component>
      <object_component id="oc-ac">
         <name>.debug_abbrev</name>
         <load_address>0x30e</load_address>
         <run_address>0x30e</run_address>
         <size>0x7a</size>
         <input_file_ref idref="fl-5"/>
      </object_component>
      <object_component id="oc-108">
         <name>.debug_abbrev</name>
         <load_address>0x388</load_address>
         <run_address>0x388</run_address>
         <size>0x3d</size>
         <input_file_ref idref="fl-6"/>
      </object_component>
      <object_component id="oc-10a">
         <name>.debug_abbrev</name>
         <load_address>0x3c5</load_address>
         <run_address>0x3c5</run_address>
         <size>0x27</size>
         <input_file_ref idref="fl-6"/>
      </object_component>
      <object_component id="oc-a0">
         <name>.debug_abbrev</name>
         <load_address>0x3ec</load_address>
         <run_address>0x3ec</run_address>
         <size>0x5e</size>
         <input_file_ref idref="fl-6"/>
      </object_component>
      <object_component id="oc-142">
         <name>.debug_abbrev</name>
         <load_address>0x44a</load_address>
         <run_address>0x44a</run_address>
         <size>0x54</size>
         <input_file_ref idref="fl-7"/>
      </object_component>
      <object_component id="oc-c3">
         <name>.debug_abbrev</name>
         <load_address>0x49e</load_address>
         <run_address>0x49e</run_address>
         <size>0x68</size>
         <input_file_ref idref="fl-8"/>
      </object_component>
      <object_component id="oc-45">
         <name>.debug_abbrev</name>
         <load_address>0x506</load_address>
         <run_address>0x506</run_address>
         <size>0x29</size>
         <input_file_ref idref="fl-8"/>
      </object_component>
      <object_component id="oc-85">
         <name>.debug_abbrev</name>
         <load_address>0x52f</load_address>
         <run_address>0x52f</run_address>
         <size>0xa4</size>
         <input_file_ref idref="fl-8"/>
      </object_component>
      <object_component id="oc-1b6">
         <name>.debug_abbrev</name>
         <load_address>0x5d3</load_address>
         <run_address>0x5d3</run_address>
         <size>0x2e</size>
         <input_file_ref idref="fl-b"/>
      </object_component>
      <object_component id="oc-189">
         <name>.debug_abbrev</name>
         <load_address>0x601</load_address>
         <run_address>0x601</run_address>
         <size>0xd4</size>
         <input_file_ref idref="fl-b"/>
      </object_component>
      <object_component id="oc-188">
         <name>.debug_abbrev</name>
         <load_address>0x6d5</load_address>
         <run_address>0x6d5</run_address>
         <size>0x6c</size>
         <input_file_ref idref="fl-c"/>
      </object_component>
      <object_component id="oc-fd">
         <name>.debug_abbrev</name>
         <load_address>0x741</load_address>
         <run_address>0x741</run_address>
         <size>0x9f</size>
         <input_file_ref idref="fl-e"/>
      </object_component>
      <object_component id="oc-ff">
         <name>.debug_abbrev</name>
         <load_address>0x7e0</load_address>
         <run_address>0x7e0</run_address>
         <size>0x27</size>
         <input_file_ref idref="fl-e"/>
      </object_component>
      <object_component id="oc-101">
         <name>.debug_abbrev</name>
         <load_address>0x807</load_address>
         <run_address>0x807</run_address>
         <size>0x27</size>
         <input_file_ref idref="fl-e"/>
      </object_component>
      <object_component id="oc-92">
         <name>.debug_abbrev</name>
         <load_address>0x82e</load_address>
         <run_address>0x82e</run_address>
         <size>0x15d</size>
         <input_file_ref idref="fl-e"/>
      </object_component>
      <object_component id="oc-110">
         <name>.debug_abbrev</name>
         <load_address>0x98b</load_address>
         <run_address>0x98b</run_address>
         <size>0xb3</size>
         <input_file_ref idref="fl-10"/>
      </object_component>
      <object_component id="oc-11b">
         <name>.debug_abbrev</name>
         <load_address>0xa3e</load_address>
         <run_address>0xa3e</run_address>
         <size>0x29</size>
         <input_file_ref idref="fl-10"/>
      </object_component>
      <object_component id="oc-11d">
         <name>.debug_abbrev</name>
         <load_address>0xa67</load_address>
         <run_address>0xa67</run_address>
         <size>0x29</size>
         <input_file_ref idref="fl-10"/>
      </object_component>
      <object_component id="oc-119">
         <name>.debug_abbrev</name>
         <load_address>0xa90</load_address>
         <run_address>0xa90</run_address>
         <size>0x29</size>
         <input_file_ref idref="fl-10"/>
      </object_component>
      <object_component id="oc-117">
         <name>.debug_abbrev</name>
         <load_address>0xab9</load_address>
         <run_address>0xab9</run_address>
         <size>0x27</size>
         <input_file_ref idref="fl-10"/>
      </object_component>
      <object_component id="oc-c2">
         <name>.debug_abbrev</name>
         <load_address>0xae0</load_address>
         <run_address>0xae0</run_address>
         <size>0x12e</size>
         <input_file_ref idref="fl-10"/>
      </object_component>
      <object_component id="oc-129">
         <name>.debug_abbrev</name>
         <load_address>0xc0e</load_address>
         <run_address>0xc0e</run_address>
         <size>0x24</size>
         <input_file_ref idref="fl-10"/>
      </object_component>
      <object_component id="oc-114">
         <name>.debug_abbrev</name>
         <load_address>0xc32</load_address>
         <run_address>0xc32</run_address>
         <size>0x33</size>
         <input_file_ref idref="fl-10"/>
      </object_component>
      <object_component id="oc-12c">
         <name>.debug_abbrev</name>
         <load_address>0xc65</load_address>
         <run_address>0xc65</run_address>
         <size>0x5d</size>
         <input_file_ref idref="fl-ca"/>
      </object_component>
      <object_component id="oc-e4">
         <name>.debug_abbrev</name>
         <load_address>0xcc2</load_address>
         <run_address>0xcc2</run_address>
         <size>0x74</size>
         <input_file_ref idref="fl-ca"/>
      </object_component>
      <object_component id="oc-db">
         <name>.debug_abbrev</name>
         <load_address>0xd36</load_address>
         <run_address>0xd36</run_address>
         <size>0x24</size>
         <input_file_ref idref="fl-ca"/>
      </object_component>
      <object_component id="oc-d6">
         <name>.debug_abbrev</name>
         <load_address>0xd5a</load_address>
         <run_address>0xd5a</run_address>
         <size>0x37</size>
         <input_file_ref idref="fl-cb"/>
      </object_component>
      <object_component id="oc-58">
         <name>.debug_abbrev</name>
         <load_address>0xd91</load_address>
         <run_address>0xd91</run_address>
         <size>0x74</size>
         <input_file_ref idref="fl-cb"/>
      </object_component>
      <object_component id="oc-5b">
         <name>.debug_abbrev</name>
         <load_address>0xe05</load_address>
         <run_address>0xe05</run_address>
         <size>0x24</size>
         <input_file_ref idref="fl-cb"/>
      </object_component>
      <object_component id="oc-d3">
         <name>.debug_abbrev</name>
         <load_address>0xe29</load_address>
         <run_address>0xe29</run_address>
         <size>0x24</size>
         <input_file_ref idref="fl-cb"/>
      </object_component>
      <object_component id="oc-125">
         <name>.debug_abbrev</name>
         <load_address>0xe4d</load_address>
         <run_address>0xe4d</run_address>
         <size>0x37</size>
         <input_file_ref idref="fl-cc"/>
      </object_component>
      <object_component id="oc-48">
         <name>.debug_abbrev</name>
         <load_address>0xe84</load_address>
         <run_address>0xe84</run_address>
         <size>0x6f</size>
         <input_file_ref idref="fl-cc"/>
      </object_component>
      <object_component id="oc-4b">
         <name>.debug_abbrev</name>
         <load_address>0xef3</load_address>
         <run_address>0xef3</run_address>
         <size>0x24</size>
         <input_file_ref idref="fl-cc"/>
      </object_component>
      <object_component id="oc-122">
         <name>.debug_abbrev</name>
         <load_address>0xf17</load_address>
         <run_address>0xf17</run_address>
         <size>0x35</size>
         <input_file_ref idref="fl-cc"/>
      </object_component>
      <object_component id="oc-cc">
         <name>.debug_abbrev</name>
         <load_address>0xf4c</load_address>
         <run_address>0xf4c</run_address>
         <size>0x24</size>
         <input_file_ref idref="fl-cc"/>
      </object_component>
      <object_component id="oc-83">
         <name>.debug_abbrev</name>
         <load_address>0xf70</load_address>
         <run_address>0xf70</run_address>
         <size>0x29</size>
         <input_file_ref idref="fl-d1"/>
      </object_component>
      <object_component id="oc-f4">
         <name>.debug_abbrev</name>
         <load_address>0xf99</load_address>
         <run_address>0xf99</run_address>
         <size>0x55</size>
         <input_file_ref idref="fl-d1"/>
      </object_component>
      <object_component id="oc-d0">
         <name>.debug_abbrev</name>
         <load_address>0xfee</load_address>
         <run_address>0xfee</run_address>
         <size>0x3e</size>
         <input_file_ref idref="fl-d2"/>
      </object_component>
      <object_component id="oc-12e">
         <name>.debug_abbrev</name>
         <load_address>0x102c</load_address>
         <run_address>0x102c</run_address>
         <size>0x4f</size>
         <input_file_ref idref="fl-d3"/>
      </object_component>
      <object_component id="oc-1c8">
         <name>.debug_abbrev</name>
         <load_address>0x107b</load_address>
         <run_address>0x107b</run_address>
         <size>0xc0</size>
         <input_file_ref idref="fl-d4"/>
      </object_component>
      <object_component id="oc-1a0">
         <name>.debug_abbrev</name>
         <load_address>0x113b</load_address>
         <run_address>0x113b</run_address>
         <size>0x7e</size>
         <input_file_ref idref="fl-d4"/>
      </object_component>
      <object_component id="oc-1cc">
         <name>.debug_abbrev</name>
         <load_address>0x11b9</load_address>
         <run_address>0x11b9</run_address>
         <size>0x24</size>
         <input_file_ref idref="fl-d4"/>
      </object_component>
      <object_component id="oc-1e0">
         <name>.debug_abbrev</name>
         <load_address>0x11dd</load_address>
         <run_address>0x11dd</run_address>
         <size>0x24</size>
         <input_file_ref idref="fl-d4"/>
      </object_component>
      <object_component id="oc-1d1">
         <name>.debug_abbrev</name>
         <load_address>0x1201</load_address>
         <run_address>0x1201</run_address>
         <size>0x24</size>
         <input_file_ref idref="fl-d4"/>
      </object_component>
      <object_component id="oc-1d6">
         <name>.debug_abbrev</name>
         <load_address>0x1225</load_address>
         <run_address>0x1225</run_address>
         <size>0x4b</size>
         <input_file_ref idref="fl-d4"/>
      </object_component>
      <object_component id="oc-12f">
         <name>.debug_abbrev</name>
         <load_address>0x1270</load_address>
         <run_address>0x1270</run_address>
         <size>0x55</size>
         <input_file_ref idref="fl-d5"/>
      </object_component>
      <object_component id="oc-196">
         <name>.debug_abbrev</name>
         <load_address>0x12c5</load_address>
         <run_address>0x12c5</run_address>
         <size>0x45</size>
         <input_file_ref idref="fl-d7"/>
      </object_component>
      <object_component id="oc-21a">
         <name>.debug_abbrev</name>
         <load_address>0x130a</load_address>
         <run_address>0x130a</run_address>
         <size>0xf</size>
      </object_component>
      <object_component id="oc-c9">
         <name>.debug_str</name>
         <load_address>0x0</load_address>
         <run_address>0x0</run_address>
         <size>0x2d2</size>
         <input_file_ref idref="fl-2"/>
      </object_component>
      <object_component id="oc-52">
         <name>.debug_str</name>
         <load_address>0x2d2</load_address>
         <run_address>0x2d2</run_address>
         <size>0xff</size>
         <input_file_ref idref="fl-2"/>
      </object_component>
      <object_component id="oc-107">
         <name>.debug_str</name>
         <load_address>0x3d1</load_address>
         <run_address>0x3d1</run_address>
         <size>0x368</size>
         <input_file_ref idref="fl-2"/>
      </object_component>
      <object_component id="oc-97">
         <name>.debug_str</name>
         <load_address>0x739</load_address>
         <run_address>0x739</run_address>
         <size>0x16a</size>
         <input_file_ref idref="fl-2"/>
      </object_component>
      <object_component id="oc-187">
         <name>.debug_str</name>
         <load_address>0x8a3</load_address>
         <run_address>0x8a3</run_address>
         <size>0x132</size>
         <input_file_ref idref="fl-2"/>
      </object_component>
      <object_component id="oc-12b">
         <name>.debug_str</name>
         <load_address>0x9d5</load_address>
         <run_address>0x9d5</run_address>
         <size>0x104</size>
         <input_file_ref idref="fl-10"/>
      </object_component>
      <object_component id="oc-116">
         <name>.debug_str</name>
         <load_address>0xad9</load_address>
         <run_address>0xad9</run_address>
         <size>0x118</size>
         <input_file_ref idref="fl-10"/>
      </object_component>
      <object_component id="oc-dd">
         <name>.debug_str</name>
         <load_address>0xbf1</load_address>
         <run_address>0xbf1</run_address>
         <size>0x105</size>
         <input_file_ref idref="fl-ca"/>
      </object_component>
      <object_component id="oc-5d">
         <name>.debug_str</name>
         <load_address>0xcf6</load_address>
         <run_address>0xcf6</run_address>
         <size>0x10b</size>
         <input_file_ref idref="fl-cb"/>
      </object_component>
      <object_component id="oc-d5">
         <name>.debug_str</name>
         <load_address>0xe01</load_address>
         <run_address>0xe01</run_address>
         <size>0x140</size>
         <input_file_ref idref="fl-cb"/>
      </object_component>
      <object_component id="oc-4d">
         <name>.debug_str</name>
         <load_address>0xf41</load_address>
         <run_address>0xf41</run_address>
         <size>0x118</size>
         <input_file_ref idref="fl-cc"/>
      </object_component>
      <object_component id="oc-124">
         <name>.debug_str</name>
         <load_address>0x1059</load_address>
         <run_address>0x1059</run_address>
         <size>0x16b</size>
         <input_file_ref idref="fl-cc"/>
      </object_component>
      <object_component id="oc-ce">
         <name>.debug_str</name>
         <load_address>0x11c4</load_address>
         <run_address>0x11c4</run_address>
         <size>0x158</size>
         <input_file_ref idref="fl-cc"/>
      </object_component>
      <object_component id="oc-1ce">
         <name>.debug_str</name>
         <load_address>0x131c</load_address>
         <run_address>0x131c</run_address>
         <size>0xed</size>
         <input_file_ref idref="fl-d4"/>
      </object_component>
      <object_component id="oc-1e2">
         <name>.debug_str</name>
         <load_address>0x1409</load_address>
         <run_address>0x1409</run_address>
         <size>0x157</size>
         <input_file_ref idref="fl-d4"/>
      </object_component>
      <object_component id="oc-1d3">
         <name>.debug_str</name>
         <load_address>0x1560</load_address>
         <run_address>0x1560</run_address>
         <size>0x150</size>
         <input_file_ref idref="fl-d4"/>
      </object_component>
      <object_component id="oc-1d8">
         <name>.debug_str</name>
         <load_address>0x16b0</load_address>
         <run_address>0x16b0</run_address>
         <size>0x197</size>
         <input_file_ref idref="fl-d4"/>
      </object_component>
      <object_component id="oc-c6">
         <name>.debug_pubtypes</name>
         <load_address>0x0</load_address>
         <run_address>0x0</run_address>
         <size>0x25c</size>
         <input_file_ref idref="fl-2"/>
      </object_component>
      <object_component id="oc-4f">
         <name>.debug_pubtypes</name>
         <load_address>0x25c</load_address>
         <run_address>0x25c</run_address>
         <size>0xed</size>
         <input_file_ref idref="fl-2"/>
      </object_component>
      <object_component id="oc-104">
         <name>.debug_pubtypes</name>
         <load_address>0x349</load_address>
         <run_address>0x349</run_address>
         <size>0x330</size>
         <input_file_ref idref="fl-2"/>
      </object_component>
      <object_component id="oc-94">
         <name>.debug_pubtypes</name>
         <load_address>0x679</load_address>
         <run_address>0x679</run_address>
         <size>0xaa</size>
         <input_file_ref idref="fl-2"/>
      </object_component>
      <object_component id="oc-184">
         <name>.debug_pubtypes</name>
         <load_address>0x723</load_address>
         <run_address>0x723</run_address>
         <size>0x21</size>
         <input_file_ref idref="fl-2"/>
      </object_component>
      <object_component id="oc-128">
         <name>.debug_pubtypes</name>
         <load_address>0x744</load_address>
         <run_address>0x744</run_address>
         <size>0x1d</size>
         <input_file_ref idref="fl-10"/>
      </object_component>
      <object_component id="oc-113">
         <name>.debug_pubtypes</name>
         <load_address>0x761</load_address>
         <run_address>0x761</run_address>
         <size>0x1f</size>
         <input_file_ref idref="fl-10"/>
      </object_component>
      <object_component id="oc-da">
         <name>.debug_pubtypes</name>
         <load_address>0x780</load_address>
         <run_address>0x780</run_address>
         <size>0x48</size>
         <input_file_ref idref="fl-ca"/>
      </object_component>
      <object_component id="oc-5a">
         <name>.debug_pubtypes</name>
         <load_address>0x7c8</load_address>
         <run_address>0x7c8</run_address>
         <size>0x48</size>
         <input_file_ref idref="fl-cb"/>
      </object_component>
      <object_component id="oc-d2">
         <name>.debug_pubtypes</name>
         <load_address>0x810</load_address>
         <run_address>0x810</run_address>
         <size>0x1d</size>
         <input_file_ref idref="fl-cb"/>
      </object_component>
      <object_component id="oc-4a">
         <name>.debug_pubtypes</name>
         <load_address>0x82d</load_address>
         <run_address>0x82d</run_address>
         <size>0x5d</size>
         <input_file_ref idref="fl-cc"/>
      </object_component>
      <object_component id="oc-121">
         <name>.debug_pubtypes</name>
         <load_address>0x88a</load_address>
         <run_address>0x88a</run_address>
         <size>0x48</size>
         <input_file_ref idref="fl-cc"/>
      </object_component>
      <object_component id="oc-cb">
         <name>.debug_pubtypes</name>
         <load_address>0x8d2</load_address>
         <run_address>0x8d2</run_address>
         <size>0x35</size>
         <input_file_ref idref="fl-cc"/>
      </object_component>
      <object_component id="oc-1cb">
         <name>.debug_pubtypes</name>
         <load_address>0x907</load_address>
         <run_address>0x907</run_address>
         <size>0x32</size>
         <input_file_ref idref="fl-d4"/>
      </object_component>
      <object_component id="oc-1df">
         <name>.debug_pubtypes</name>
         <load_address>0x939</load_address>
         <run_address>0x939</run_address>
         <size>0x30</size>
         <input_file_ref idref="fl-d4"/>
      </object_component>
      <object_component id="oc-1d0">
         <name>.debug_pubtypes</name>
         <load_address>0x969</load_address>
         <run_address>0x969</run_address>
         <size>0x2c</size>
         <input_file_ref idref="fl-d4"/>
      </object_component>
      <object_component id="oc-1d5">
         <name>.debug_pubtypes</name>
         <load_address>0x995</load_address>
         <run_address>0x995</run_address>
         <size>0x50</size>
         <input_file_ref idref="fl-d4"/>
      </object_component>
      <object_component id="oc-141">
         <name>.debug_frame</name>
         <load_address>0x0</load_address>
         <run_address>0x0</run_address>
         <size>0xa0</size>
         <input_file_ref idref="fl-4"/>
      </object_component>
      <object_component id="oc-3e">
         <name>.debug_frame</name>
         <load_address>0xa0</load_address>
         <run_address>0xa0</run_address>
         <size>0xcc</size>
         <input_file_ref idref="fl-5"/>
      </object_component>
      <object_component id="oc-38">
         <name>.debug_frame</name>
         <load_address>0x16c</load_address>
         <run_address>0x16c</run_address>
         <size>0x80</size>
         <input_file_ref idref="fl-6"/>
      </object_component>
      <object_component id="oc-f0">
         <name>.debug_frame</name>
         <load_address>0x1ec</load_address>
         <run_address>0x1ec</run_address>
         <size>0x58</size>
         <input_file_ref idref="fl-7"/>
      </object_component>
      <object_component id="oc-2c">
         <name>.debug_frame</name>
         <load_address>0x244</load_address>
         <run_address>0x244</run_address>
         <size>0xa2c</size>
         <input_file_ref idref="fl-8"/>
      </object_component>
      <object_component id="oc-13b">
         <name>.debug_frame</name>
         <load_address>0xc70</load_address>
         <run_address>0xc70</run_address>
         <size>0xcc</size>
         <input_file_ref idref="fl-b"/>
      </object_component>
      <object_component id="oc-135">
         <name>.debug_frame</name>
         <load_address>0xd3c</load_address>
         <run_address>0xd3c</run_address>
         <size>0x58</size>
         <input_file_ref idref="fl-c"/>
      </object_component>
      <object_component id="oc-32">
         <name>.debug_frame</name>
         <load_address>0xd94</load_address>
         <run_address>0xd94</run_address>
         <size>0x264</size>
         <input_file_ref idref="fl-e"/>
      </object_component>
      <object_component id="oc-44">
         <name>.debug_frame</name>
         <load_address>0xff8</load_address>
         <run_address>0xff8</run_address>
         <size>0x238</size>
         <input_file_ref idref="fl-10"/>
      </object_component>
      <object_component id="oc-6a">
         <name>.debug_frame</name>
         <load_address>0x1230</load_address>
         <run_address>0x1230</run_address>
         <size>0x54</size>
         <input_file_ref idref="fl-ca"/>
      </object_component>
      <object_component id="oc-20">
         <name>.debug_frame</name>
         <load_address>0x1284</load_address>
         <run_address>0x1284</run_address>
         <size>0x54</size>
         <input_file_ref idref="fl-cb"/>
      </object_component>
      <object_component id="oc-17">
         <name>.debug_frame</name>
         <load_address>0x12d8</load_address>
         <run_address>0x12d8</run_address>
         <size>0x60</size>
         <input_file_ref idref="fl-cc"/>
      </object_component>
      <object_component id="oc-76">
         <name>.debug_frame</name>
         <load_address>0x1338</load_address>
         <run_address>0x1338</run_address>
         <size>0x50</size>
         <input_file_ref idref="fl-d1"/>
      </object_component>
      <object_component id="oc-154">
         <name>.debug_frame</name>
         <load_address>0x1388</load_address>
         <run_address>0x1388</run_address>
         <size>0x5c</size>
         <input_file_ref idref="fl-d4"/>
      </object_component>
      <object_component id="oc-ea">
         <name>.debug_frame</name>
         <load_address>0x13e4</load_address>
         <run_address>0x13e4</run_address>
         <size>0x54</size>
         <input_file_ref idref="fl-d5"/>
      </object_component>
      <object_component id="oc-148">
         <name>.debug_frame</name>
         <load_address>0x1438</load_address>
         <run_address>0x1438</run_address>
         <size>0x54</size>
         <input_file_ref idref="fl-d7"/>
      </object_component>
      <object_component id="oc-13e">
         <name>.debug_aranges</name>
         <load_address>0x0</load_address>
         <run_address>0x0</run_address>
         <size>0x38</size>
         <input_file_ref idref="fl-4"/>
      </object_component>
      <object_component id="oc-3b">
         <name>.debug_aranges</name>
         <load_address>0x38</load_address>
         <run_address>0x38</run_address>
         <size>0x48</size>
         <input_file_ref idref="fl-5"/>
      </object_component>
      <object_component id="oc-35">
         <name>.debug_aranges</name>
         <load_address>0x80</load_address>
         <run_address>0x80</run_address>
         <size>0x30</size>
         <input_file_ref idref="fl-6"/>
      </object_component>
      <object_component id="oc-ed">
         <name>.debug_aranges</name>
         <load_address>0xb0</load_address>
         <run_address>0xb0</run_address>
         <size>0x20</size>
         <input_file_ref idref="fl-7"/>
      </object_component>
      <object_component id="oc-29">
         <name>.debug_aranges</name>
         <load_address>0xd0</load_address>
         <run_address>0xd0</run_address>
         <size>0x410</size>
         <input_file_ref idref="fl-8"/>
      </object_component>
      <object_component id="oc-138">
[...]
         <object_component_ref idref="oc-27"/>
      </symbol>
      <symbol id="sm-25f">
         <name>SysCtl_Handler</name>
         <value>0x16e5</value>
         <object_component_ref idref="oc-27"/>
      </symbol>
      <symbol id="sm-260">
         <name>GPIOPortB_Handler</name>
         <value>0x16af</value>
         <object_component_ref idref="oc-27"/>
      </symbol>
      <symbol id="sm-261">
         <name>uDMA_Handler</name>
         <value>0x1709</value>
         <object_component_ref idref="oc-27"/>
      </symbol>
      <symbol id="sm-262">
         <name>ADC0Seq1_Handler</name>
         <value>0x16cb</value>
         <object_component_ref idref="oc-27"/>
      </symbol>
      <symbol id="sm-263">
         <name>GPIOPortP7_Handler</name>
         <value>0x1771</value>
         <object_component_ref idref="oc-27"/>
      </symbol>
      <symbol id="sm-264">
         <name>PWM1Fault_Handler</name>
         <value>0x178f</value>
         <object_component_ref idref="oc-27"/>
      </symbol>
      <symbol id="sm-265">
         <name>I2C1_Handler</name>
         <value>0x16f7</value>
         <object_component_ref idref="oc-27"/>
      </symbol>
      <symbol id="sm-266">
         <name>SSI3_Handler</name>
         <value>0x1721</value>
         <object_component_ref idref="oc-27"/>
      </symbol>
      <symbol id="sm-267">
         <name>GPIOPortM_Handler</name>
         <value>0x175b</value>
         <object_component_ref idref="oc-27"/>
      </symbol>
      <symbol id="sm-268">
         <name>g_pfnVectors</name>
         <value>0x0</value>
         <object_component_ref idref="oc-12"/>
      </symbol>
      <symbol id="sm-269">
         <name>GPIOPortD_Handler</name>
         <value>0x16b3</value>
         <object_component_ref idref="oc-27"/>
      </symbol>
      <symbol id="sm-26a">
         <name>GPIOPortQ2_Handler</name>
         <value>0x1777</value>
         <object_component_ref idref="oc-27"/>
      </symbol>
      <symbol id="sm-26b">
         <name>UART2_Handler</name>
         <value>0x16ef</value>
         <object_component_ref idref="oc-27"/>
      </symbol>
      <symbol id="sm-26c">
         <name>CAN1_Handler</name>
         <value>0x16fd</value>
         <object_component_ref idref="oc-27"/>
      </symbol>
      <symbol id="sm-26d">
         <name>Quadrature0_Handler</name>
         <value>0x16c7</value>
         <object_component_ref idref="oc-27"/>
      </symbol>
      <symbol id="sm-26e">
         <name>WideTimer2B_Handler</name>
         <value>0x1743</value>
         <object_component_ref idref="oc-27"/>
      </symbol>
      <symbol id="sm-26f">
         <name>WideTimer0B_Handler</name>
         <value>0x173b</value>
         <object_component_ref idref="oc-27"/>
      </symbol>
      <symbol id="sm-270">
         <name>WideTimer4B_Handler</name>
         <value>0x174b</value>
         <object_component_ref idref="oc-27"/>
      </symbol>
      <symbol id="sm-271">
         <name>GPIOPortQ_Handler</name>
         <value>0x1773</value>
         <object_component_ref idref="oc-27"/>
      </symbol>
      <symbol id="sm-272">
         <name>DisableInterrupts</name>
         <value>0x1791</value>
         <object_component_ref idref="oc-27"/>
      </symbol>
      <symbol id="sm-273">
         <name>Comp0_Handler</name>
         <value>0x16df</value>
         <object_component_ref idref="oc-27"/>
      </symbol>
      <symbol id="sm-274">
         <name>PWM0Generator2_Handler</name>
         <value>0x16c5</value>
         <object_component_ref idref="oc-27"/>
      </symbol>
      <symbol id="sm-275">
         <name>I2C3_Handler</name>
         <value>0x172f</value>
         <object_component_ref idref="oc-27"/>
      </symbol>
      <symbol id="sm-276">
         <name>Ethernet_Handler</name>
         <value>0x1701</value>
         <object_component_ref idref="oc-27"/>
      </symbol>
      <symbol id="sm-277">
         <name>PWM1Generator3_Handler</name>
         <value>0x178d</value>
         <object_component_ref idref="oc-27"/>
      </symbol>
      <symbol id="sm-278">
         <name>I2C4_Handler</name>
         <value>0x1757</value>
         <object_component_ref idref="oc-27"/>
      </symbol>
      <symbol id="sm-279">
         <name>Fan0_Handler</name>
         <value>0x1761</value>
         <object_component_ref idref="oc-27"/>
      </symbol>
      <symbol id="sm-27a">
         <name>WaitForInterrupt</name>
         <value>0x17a7</value>
         <object_component_ref idref="oc-27"/>
      </symbol>
      <symbol id="sm-27b">
         <name>ADC1Seq3_Handler</name>
         <value>0x1713</value>
         <object_component_ref idref="oc-27"/>
      </symbol>
      <symbol id="sm-27c">
         <name>GPIOPortQ4_Handler</name>
         <value>0x177b</value>
         <object_component_ref idref="oc-27"/>
      </symbol>
      <symbol id="sm-27d">
         <name>EnableInterrupts</name>
         <value>0x1795</value>
         <object_component_ref idref="oc-27"/>
      </symbol>
      <symbol id="sm-27e">
         <name>GPIOPortA_Handler</name>
         <value>0x16ad</value>
         <object_component_ref idref="oc-27"/>
      </symbol>
      <symbol id="sm-27f">
         <name>UART4_Handler</name>
         <value>0x1725</value>
         <object_component_ref idref="oc-27"/>
      </symbol>
      <symbol id="sm-280">
         <name>Quadrature2_Handler</name>
         <value>0x175f</value>
         <object_component_ref idref="oc-27"/>
      </symbol>
      <symbol id="sm-281">
         <name>GPIOPortP2_Handler</name>
         <value>0x1767</value>
         <object_component_ref idref="oc-27"/>
      </symbol>
      <symbol id="sm-282">
         <name>GPIOPortS_Handler</name>
         <value>0x1785</value>
         <object_component_ref idref="oc-27"/>
      </symbol>
      <symbol id="sm-283">
         <name>Comp2_Handler</name>
         <value>0x16e3</value>
         <object_component_ref idref="oc-27"/>
      </symbol>
      <symbol id="sm-284">
         <name>DebugMon_Handler</name>
         <value>0x16a7</value>
         <object_component_ref idref="oc-27"/>
      </symbol>
      <symbol id="sm-285">
         <name>PWM0Generator0_Handler</name>
         <value>0x16c1</value>
         <object_component_ref idref="oc-27"/>
      </symbol>
      <symbol id="sm-286">
         <name>PWM1Generator1_Handler</name>
         <value>0x1789</value>
         <object_component_ref idref="oc-27"/>
      </symbol>
      <symbol id="sm-287">
         <name>SSI0_Handler</name>
         <value>0x16bb</value>
         <object_component_ref idref="oc-27"/>
      </symbol>
      <symbol id="sm-288">
         <name>ADC1Seq1_Handler</name>
         <value>0x170f</value>
         <object_component_ref idref="oc-27"/>
      </symbol>
      <symbol id="sm-289">
         <name>GPIOPortH_Handler</name>
         <value>0x16ed</value>
         <object_component_ref idref="oc-27"/>
      </symbol>
      <symbol id="sm-28a">
         <name>GPIOPortQ6_Handler</name>
         <value>0x177f</value>
         <object_component_ref idref="oc-27"/>
      </symbol>
      <symbol id="sm-28b">
         <name>GPIOPortC_Handler</name>
         <value>0x16b1</value>
         <object_component_ref idref="oc-27"/>
      </symbol>
      <symbol id="sm-28c">
         <name>GPIOPortQ1_Handler</name>
         <value>0x1775</value>
         <object_component_ref idref="oc-27"/>
      </symbol>
      <symbol id="sm-28d">
         <name>UART6_Handler</name>
         <value>0x1729</value>
         <object_component_ref idref="oc-27"/>
      </symbol>
      <symbol id="sm-28e">
         <name>ADC0Seq2_Handler</name>
         <value>0x16cd</value>
         <object_component_ref idref="oc-27"/>
      </symbol>
      <symbol id="sm-2ba">
         <name>LaunchPad_WaitForRelease</name>
         <value>0x1627</value>
         <object_component_ref idref="oc-136"/>
      </symbol>
      <symbol id="sm-2bb">
         <name>LaunchPad_Input</name>
         <value>0x15b9</value>
         <object_component_ref idref="oc-136"/>
      </symbol>
      <symbol id="sm-2bc">
         <name>LaunchPad_WaitForTouch</name>
         <value>0x160b</value>
         <object_component_ref idref="oc-136"/>
      </symbol>
      <symbol id="sm-2bd">
         <name>LaunchPad_Output</name>
         <value>0x1657</value>
         <object_component_ref idref="oc-136"/>
      </symbol>
      <symbol id="sm-2be">
         <name>LaunchPad_Init</name>
         <value>0x1581</value>
         <object_component_ref idref="oc-136"/>
      </symbol>
      <symbol id="sm-2cd">
         <name>PLL_Init</name>
         <value>0x1849</value>
         <object_component_ref idref="oc-130"/>
      </symbol>
      <symbol id="sm-346">
         <name>RxPutI</name>
         <value>0x200003f4</value>
      </symbol>
      <symbol id="sm-347">
         <name>RxGetI</name>
         <value>0x200003f0</value>
      </symbol>
      <symbol id="sm-348">
         <name>TxPutI</name>
         <value>0x20000410</value>
      </symbol>
      <symbol id="sm-349">
         <name>TxGetI</name>
         <value>0x2000040c</value>
      </symbol>
      <symbol id="sm-34a">
         <name>UART_OutUHex</name>
         <value>0xf39</value>
         <object_component_ref idref="oc-2d"/>
      </symbol>
      <symbol id="sm-34b">
         <name>TxFifo_Size</name>
         <value>0xb11</value>
         <object_component_ref idref="oc-2d"/>
      </symbol>
      <symbol id="sm-34c">
         <name>RxFifo_Size</name>
         <value>0xa7d</value>
         <object_component_ref idref="oc-2d"/>
      </symbol>
      <symbol id="sm-34d">
         <name>RxFifo_Get</name>
         <value>0xa49</value>
         <object_component_ref idref="oc-2d"/>
      </symbol>
      <symbol id="sm-34e">
         <name>TxFifo_Get</name>
         <value>0xadd</value>
         <object_component_ref idref="oc-2d"/>
      </symbol>
      <symbol id="sm-34f">
         <name>UART_Init_Safe</name>
         <value>0xbc3</value>
         <object_component_ref idref="oc-2d"/>
      </symbol>
      <symbol id="sm-350">
         <name>UART_InUDec</name>
         <value>0xd81</value>
         <object_component_ref idref="oc-2d"/>
      </symbol>
      <symbol id="sm-351">
         <name>UART_OutUDec</name>
         <value>0xe05</value>
         <object_component_ref idref="oc-2d"/>
      </symbol>
      <symbol id="sm-352">
         <name>UART_InCharNonBlock</name>
         <value>0xcc1</value>
         <object_component_ref idref="oc-2d"/>
      </symbol>
      <symbol id="sm-353">
         <name>UART0_Handler</name>
         <value>0xd09</value>
         <object_component_ref idref="oc-2d"/>
      </symbol>
      <symbol id="sm-354">
         <name>UART_InString</name>
         <value>0xf7d</value>
         <object_component_ref idref="oc-2d"/>
      </symbol>
      <symbol id="sm-355">
         <name>UART_OutString</name>
         <value>0xd53</value>
         <object_component_ref idref="oc-2d"/>
      </symbol>
      <symbol id="sm-356">
         <name>UART_InChar</name>
         <value>0xcaf</value>
         <object_component_ref idref="oc-2d"/>
      </symbol>
      <symbol id="sm-357">
         <name>RxFifo_Put</name>
         <value>0xa0f</value>
         <object_component_ref idref="oc-2d"/>
      </symbol>
      <symbol id="sm-358">
         <name>TxFifo_Put</name>
         <value>0xaa3</value>
         <object_component_ref idref="oc-2d"/>
      </symbol>
      <symbol id="sm-359">
         <name>UART_Init</name>
         <value>0xb1d</value>
         <object_component_ref idref="oc-2d"/>
      </symbol>
      <symbol id="sm-35a">
         <name>RxFifo_Init</name>
         <value>0x9f5</value>
         <object_component_ref idref="oc-2d"/>
      </symbol>
      <symbol id="sm-35b">
         <name>UART_InUHex</name>
         <value>0xe6d</value>
         <object_component_ref idref="oc-2d"/>
      </symbol>
      <symbol id="sm-35c">
         <name>UART_OutChar</name>
         <value>0xcd5</value>
         <object_component_ref idref="oc-2d"/>
      </symbol>
      <symbol id="sm-35d">
         <name>TxFifo_Init</name>
         <value>0xa89</value>
         <object_component_ref idref="oc-2d"/>
      </symbol>
      <symbol id="sm-401">
         <name>Rx5PutI</name>
         <value>0x200003e8</value>
      </symbol>
      <symbol id="sm-402">
         <name>Rx5PutJ</name>
         <value>0x200003ec</value>
      </symbol>
      <symbol id="sm-403">
         <name>Rx5GetI</name>
         <value>0x200003e4</value>
      </symbol>
      <symbol id="sm-404">
         <name>Rx5Fifo</name>
         <value>0x20000000</value>
      </symbol>
      <symbol id="sm-405">
         <name>RxMessage</name>
         <value>0x20000380</value>
      </symbol>
      <symbol id="sm-406">
         <name>Tx5PutI</name>
         <value>0x20000408</value>
      </symbol>
      <symbol id="sm-407">
         <name>Tx5GetI</name>
         <value>0x20000404</value>
      </symbol>
      <symbol id="sm-408">
         <name>ESP8266_OutChar</name>
         <value>0x553</value>
         <object_component_ref idref="oc-3f"/>
      </symbol>
      <symbol id="sm-409">
         <name>DelayMs</name>
         <value>0x635</value>
         <object_component_ref idref="oc-3f"/>
      </symbol>
      <symbol id="sm-40a">
         <name>Tx5Fifo_Size</name>
         <value>0x43f</value>
         <object_component_ref idref="oc-3f"/>
      </symbol>
      <symbol id="sm-40b">
         <name>UART5_Handler</name>
         <value>0x58d</value>
         <object_component_ref idref="oc-3f"/>
      </symbol>
      <symbol id="sm-40c">
         <name>ESP8266_Init</name>
         <value>0x665</value>
         <object_component_ref idref="oc-3f"/>
      </symbol>
      <symbol id="sm-40d">
         <name>ESP8266_OutUDec</name>
         <value>0x605</value>
         <object_component_ref idref="oc-3f"/>
      </symbol>
      <symbol id="sm-40e">
         <name>ESP8266_GetMessage</name>
         <value>0x34f</value>
         <object_component_ref idref="oc-3f"/>
      </symbol>
      <symbol id="sm-40f">
         <name>ESP8266_OutString</name>
         <value>0x5e1</value>
         <object_component_ref idref="oc-3f"/>
      </symbol>
      <symbol id="sm-410">
         <name>ssid</name>
         <value>0x20000688</value>
         <object_component_ref idref="oc-bb"/>
      </symbol>
      <symbol id="sm-411">
         <name>ESP8266_Init_Safe</name>
         <value>0x6cd</value>
         <object_component_ref idref="oc-3f"/>
      </symbol>
      <symbol id="sm-412">
         <name>Rx5Fifo_Put</name>
         <value>0x28b</value>
         <object_component_ref idref="oc-3f"/>
      </symbol>
      <symbol id="sm-413">
         <name>Tx5Fifo_Put</name>
         <value>0x3d1</value>
         <object_component_ref idref="oc-3f"/>
      </symbol>
      <symbol id="sm-414">
         <name>Tx5Fifo_Init</name>
         <value>0x3b7</value>
         <object_component_ref idref="oc-3f"/>
      </symbol>
      <symbol id="sm-415">
         <name>ESP8266_AvailableInput</name>
         <value>0x54b</value>
         <object_component_ref idref="oc-3f"/>
      </symbol>
      <symbol id="sm-416">
         <name>pass</name>
         <value>0x20000668</value>
         <object_component_ref idref="oc-be"/>
      </symbol>
      <symbol id="sm-417">
         <name>ESP8266_Reset</name>
         <value>0x765</value>
         <object_component_ref idref="oc-3f"/>
      </symbol>
      <symbol id="sm-418">
         <name>UART5_Init</name>
         <value>0x44b</value>
         <object_component_ref idref="oc-3f"/>
      </symbol>
      <symbol id="sm-419">
         <name>ESP8266_SetupWiFi</name>
         <value>0x7b9</value>
         <object_component_ref idref="oc-3f"/>
      </symbol>
      <symbol id="sm-41a">
         <name>auth</name>
         <value>0x20000628</value>
         <object_component_ref idref="oc-b8"/>
      </symbol>
      <symbol id="sm-41b">
         <name>Rx5Fifo_Size</name>
         <value>0x3ab</value>
         <object_component_ref idref="oc-3f"/>
      </symbol>
      <symbol id="sm-41c">
         <name>Tx5Fifo_Get</name>
         <value>0x40b</value>
         <object_component_ref idref="oc-3f"/>
      </symbol>
      <symbol id="sm-41d">
         <name>Rx5Fifo_Init</name>
         <value>0x26d</value>
         <object_component_ref idref="oc-3f"/>
      </symbol>
      <symbol id="sm-42f">
         <name>__TI_zero_init</name>
         <value>0x1a7b</value>
         <object_component_ref idref="oc-65"/>
      </symbol>
      <symbol id="sm-446">
         <name>__TI_decompress_none</name>
         <value>0x1a6d</value>
         <object_component_ref idref="oc-1b"/>
      </symbol>
      <symbol id="sm-469">
         <name>__TI_decompress_lzss</name>
         <value>0x194b</value>
         <object_component_ref idref="oc-15"/>
      </symbol>
      <symbol id="sm-480">
         <name>__stack</name>
         <value>0x20000428</value>
         <object_component_ref idref="oc-24"/>
      </symbol>
      <symbol id="sm-481">
         <name>_c_int00_noargs</name>
         <value>0x1a39</value>
         <object_component_ref idref="oc-71"/>
      </symbol>
      <symbol id="sm-49c">
         <name>memcpy</name>
         <value>0x17ab</value>
         <object_component_ref idref="oc-53"/>
      </symbol>
      <symbol id="sm-49d">
         <name>__aeabi_memcpy</name>
         <value>0x17ab</value>
         <object_component_ref idref="oc-53"/>
      </symbol>
      <symbol id="sm-49e">
         <name>__aeabi_memcpy8</name>
         <value>0x17ab</value>
         <object_component_ref idref="oc-53"/>
      </symbol>
      <symbol id="sm-49f">
         <name>__aeabi_memcpy4</name>
         <value>0x17ab</value>
         <object_component_ref idref="oc-53"/>
      </symbol>
      <symbol id="sm-4ae">
         <name>__aeabi_memset</name>
         <value>0x18d3</value>
         <object_component_ref idref="oc-df"/>
      </symbol>
      <symbol id="sm-4af">
         <name>memset</name>
         <value>0x18d9</value>
         <object_component_ref idref="oc-df"/>
      </symbol>
      <symbol id="sm-4b0">
         <name>__aeabi_memset8</name>
         <value>0x18d3</value>
         <object_component_ref idref="oc-df"/>
      </symbol>
      <symbol id="sm-4b1">
         <name>__aeabi_memset4</name>
         <value>0x18d3</value>
         <object_component_ref idref="oc-df"/>
      </symbol>
      <symbol id="sm-4b2">
         <name>__aeabi_memclr8</name>
         <value>0x18d1</value>
         <object_component_ref idref="oc-df"/>
      </symbol>
      <symbol id="sm-4b3">
         <name>__aeabi_memclr4</name>
         <value>0x18d1</value>
         <object_component_ref idref="oc-df"/>
      </symbol>
      <symbol id="sm-4b4">
         <name>__aeabi_memclr</name>
         <value>0x18d1</value>
         <object_component_ref idref="oc-df"/>
      </symbol>
      <symbol id="sm-4dc">
         <name>__TI_auto_init_nobinit_nopinit</name>
         <value>0x19b5</value>
         <object_component_ref idref="oc-14f"/>
      </symbol>
      <symbol id="sm-4e6">
         <name>_system_pre_init</name>
         <value>0x1a87</value>
         <object_component_ref idref="oc-e5"/>
      </symbol>
      <symbol id="sm-4f2">
         <name>C$$EXIT</name>
         <value>0x1a8b</value>
         <object_component_ref idref="oc-143"/>
      </symbol>
      <symbol id="sm-4f3">
         <name>abort</name>
         <value>0x1a8b</value>
         <object_component_ref idref="oc-143"/>
      </symbol>
      <symbol id="sm-4f8">
         <name>__TI_static_base__</name>
         <value>0x0</value>
      </symbol>
      <symbol id="sm-4fb">
         <name>__mpu_init</name>
         <value>0x0</value>
      </symbol>
      <symbol id="sm-4fc">
         <name>_system_post_cinit</name>
         <value>0x0</value>
      </symbol>
   </symbol_table>
   <title>Link successful</title>
</link_info>
