******************************************************************************
                  TI ARM Linker Unix v20.2.5                   
******************************************************************************
>> Linked Tue Nov 16 02:18:56 2021

OUTPUT FILE NAME:   <Lab-10.out>
ENTRY POINT SYMBOL: "_c_int00_noargs"  address: 00001ff1


MEMORY CONFIGURATION

         name            origin    length      used     unused   attr    fill
----------------------  --------  ---------  --------  --------  ----  --------
  FLASH                 00000000   00040000  00002231  0003ddcf  R  X
  SRAM                  20000000   00008000  0000072e  000078d2  RW X


SEGMENT ALLOCATION MAP

run origin  load origin   length   init length attrs members
----------  ----------- ---------- ----------- ----- -------
00000000    00000000    00002238   00002238    r-x
  00000000    00000000    0000026c   0000026c    r-- .intvecs
  0000026c    0000026c    00001e3c   00001e3c    r-x .text
  000020a8    000020a8    00000101   00000101    r-- .const
  000021b0    000021b0    00000088   00000088    r-- .cinit
20000000    20000000    00000734   00000000    rw-
  20000000    20000000    00000482   00000000    rw- .bss
  20000488    20000488    00000200   00000000    rw- .stack
  20000688    20000688    000000ac   00000000    rw- .data


SECTION ALLOCATION MAP

 output                                  attributes/
section   page    origin      length       input sections
--------  ----  ----------  ----------   ----------------
.intvecs   0    00000000    0000026c     
                  00000000    0000026c     tm4c123gh6pm_startup_ccs.obj (.intvecs)

.text      0    0000026c    00001e3c     
                  0000026c    00000788     esp8266Lab4.obj (.text)
                  000009f4    00000602     UARTLab4.obj (.text)
                  00000ff6    00000002     --HOLE-- [fill = 0]
                  00000ff8    00000284     ESPDriver.obj (.text)
                  0000127c    0000027c     MotorDriver.obj (.text)
                  000014f8    0000025c     SwitchDriver.obj (.text)
                  00001754    00000154     TachDriver.obj (.text)
                  000018a8    00000118     LaunchPad.obj (.text)
                  000019c0    00000112     tm4c123gh6pm_startup_ccs.obj (.text)
                  00001ad2    00000002     --HOLE-- [fill = 0]
                  00001ad4    000000bc     Timer1A.obj (.text)
                  00001b90    000000a4     Timer2.obj (.text)
                  00001c34    000000a0     Timer3.obj (.text)
                  00001cd4    0000009c     rtsv7M4_T_le_v4SPD16_eabi.lib : memcpy_t2.asm.obj (.text)
                  00001d70    00000088     PLL.obj (.text)
                  00001df8    0000007a     rtsv7M4_T_le_v4SPD16_eabi.lib : memset_t2.asm.obj (.text)
                  00001e72    00000068                                   : copy_decompress_lzss.c.obj (.text:decompress:lzss:__TI_decompress_lzss)
                  00001eda    00000002     --HOLE-- [fill = 0]
                  00001edc    0000004c                                   : atoi.c.obj (.text:atoi)
                  00001f28    00000044                                   : autoinit.c.obj (.text:__TI_auto_init_nobinit_nopinit:__TI_auto_init_nobinit_nopinit)
                  00001f6c    00000044     main.obj (.text)
                  00001fb0    00000040     rtsv7M4_T_le_v4SPD16_eabi.lib : strtok.c.obj (.text:strtok)
                  00001ff0    00000034                                   : boot_cortex_m.c.obj (.text:_c_int00_noargs:_c_int00_noargs)
                  00002024    0000002a                                   : strspn.c.obj (.text:strspn)
                  0000204e    00000024                                   : strcspn.c.obj (.text:strcspn)
                  00002072    00000014                                   : strcpy.c.obj (.text:strcpy)
                  00002086    0000000e                                   : copy_decompress_none.c.obj (.text:decompress:none:__TI_decompress_none)
                  00002094    0000000c                                   : copy_zero_init.c.obj (.text:decompress:ZI:__TI_zero_init)
                  000020a0    00000004                                   : pre_init.c.obj (.text:_system_pre_init)
                  000020a4    00000004                                   : exit.c.obj (.text:abort:abort)

.const     0    000020a8    00000101     
                  000020a8    00000101     rtsv7M4_T_le_v4SPD16_eabi.lib : ctype.c.obj (.const:.string:_ctypes_)

.cinit     0    000021b0    00000088     
                  000021b0    00000060     (.cinit..data.load) [load image, compression = lzss]
                  00002210    0000000c     (__TI_handler_table)
                  0000221c    00000004     --HOLE-- [fill = 0]
                  00002220    00000008     (.cinit..bss.load) [load image, compression = zero_init]
                  00002228    00000010     (__TI_cinit_table)

.init_array 
*          0    00000000    00000000     UNINITIALIZED

.bss       0    20000000    00000482     UNINITIALIZED
                  20000000    00000200     (.common:Rx5Fifo)
                  20000200    00000100     esp8266Lab4.obj (.bss:Tx5Fifo)
                  20000300    00000040     UARTLab4.obj (.bss:RxFifo)
                  20000340    00000040     UARTLab4.obj (.bss:TxFifo)
                  20000380    00000040     (.common:RxMessage)
                  200003c0    00000040     (.common:serial_buf)
                  20000400    00000004     TachDriver.obj (.bss)
                  20000404    00000004     (.common:Done)
                  20000408    00000004     (.common:E)
                  2000040c    00000004     (.common:I)
                  20000410    00000004     (.common:KI_1)
                  20000414    00000004     (.common:KI_2)
                  20000418    00000004     (.common:KP_1)
                  2000041c    00000004     (.common:KP_2)
                  20000420    00000004     (.common:MotorSpeed)
                  20000424    00000004     (.common:P)
                  20000428    00000004     (.common:Period)
                  2000042c    00000004     (.common:PeriodicTask1)
                  20000430    00000004     (.common:PeriodicTask2)
                  20000434    00000004     (.common:PeriodicTask3)
                  20000438    00000004     (.common:RPS_Desired)
                  2000043c    00000004     (.common:RPS_Measured)
                  20000440    00000004     (.common:Rx5GetI)
                  20000444    00000004     (.common:Rx5PutI)
                  20000448    00000004     (.common:Rx5PutJ)
                  2000044c    00000004     (.common:RxGetI)
                  20000450    00000004     (.common:RxPutI)
                  20000454    00000004     (.common:SW1)
                  20000458    00000004     (.common:SW2)
                  2000045c    00000004     (.common:SW3)
                  20000460    00000004     (.common:Tx5GetI)
                  20000464    00000004     (.common:Tx5PutI)
                  20000468    00000004     (.common:TxGetI)
                  2000046c    00000004     (.common:TxPutI)
                  20000470    00000004     (.common:U)
                  20000474    00000004     (.common:pin_int)
                  20000478    00000004     (.common:pin_num)
                  2000047c    00000002     (.common:SW_Delay1)
                  2000047e    00000002     (.common:SW_Delay2)
                  20000480    00000002     (.common:SW_Delay3)

.data      0    20000688    000000ac     UNINITIALIZED
                  20000688    00000040     esp8266Lab4.obj (.data:auth)
                  200006c8    00000020     esp8266Lab4.obj (.data:pass)
                  200006e8    00000020     esp8266Lab4.obj (.data:ssid)
                  20000708    0000000d     ESPDriver.obj (.data)
                  20000715    00000008     ESPDriver.obj (.data:Pin_Float)
                  2000071d    00000008     ESPDriver.obj (.data:Pin_Integer)
                  20000725    00000002     ESPDriver.obj (.data:Pin_Number)
                  20000727    00000001     --HOLE--
                  20000728    00000004     MotorDriver.obj (.data)
                  2000072c    00000004     SwitchDriver.obj (.data)
                  20000730    00000004     rtsv7M4_T_le_v4SPD16_eabi.lib : strtok.c.obj (.data)

.stack     0    20000488    00000200     UNINITIALIZED
                  20000488    00000004     rtsv7M4_T_le_v4SPD16_eabi.lib : boot_cortex_m.c.obj (.stack)
                  2000048c    000001fc     --HOLE--

__llvm_prf_cnts 
*          0    20000000    00000000     UNINITIALIZED

MODULE SUMMARY

       Module                         code   ro data   rw data
       ------                         ----   -------   -------
    ./
       tm4c123gh6pm_startup_ccs.obj   274    620       0      
       ESPDriver.obj                  644    0         103    
       MotorDriver.obj                636    0         44     
       SwitchDriver.obj               604    0         22     
       TachDriver.obj                 340    0         16     
       main.obj                       68     0         0      
    +--+------------------------------+------+---------+---------+
       Total:                         2566   620       185    
                                                              
    ./inc/
       esp8266Lab4.obj                1928   0         980    
       UARTLab4.obj                   1538   0         144    
       LaunchPad.obj                  280    0         0      
       Timer1A.obj                    188    0         4      
       Timer2.obj                     164    0         4      
       Timer3.obj                     160    0         4      
       PLL.obj                        136    0         0      
    +--+------------------------------+------+---------+---------+
       Total:                         4394   0         1136   
                                                              
    /Applications/ti/ccs1100/ccs/tools/compiler/ti-cgt-arm_20.2.5.LTS/lib/rtsv7M4_T_le_v4SPD16_eabi.lib
       ctype.c.obj                    0      257       0      
       memcpy_t2.asm.obj              156    0         0      
       memset_t2.asm.obj              122    0         0      
       copy_decompress_lzss.c.obj     104    0         0      
       atoi.c.obj                     76     0         0      
       autoinit.c.obj                 68     0         0      
       strtok.c.obj                   64     0         4      
       boot_cortex_m.c.obj            52     0         0      
       strspn.c.obj                   42     0         0      
       strcspn.c.obj                  36     0         0      
       strcpy.c.obj                   20     0         0      
       copy_decompress_none.c.obj     14     0         0      
       copy_zero_init.c.obj           12     0         0      
       exit.c.obj                     4      0         0      
       pre_init.c.obj                 4      0         0      
    +--+------------------------------+------+---------+---------+
       Total:                         774    257       4      
                                                              
       Stack:                         0      0         512    
       Linker Generated:              0      132       0      
    +--+------------------------------+------+---------+---------+
       Grand Total:                   7734   1009      1837   


LINKER GENERATED COPY TABLES

__TI_cinit_table @ 00002228 records: 2, size/record: 8, table size: 16
	.data: load addr=000021b0, load size=00000060 bytes, run addr=20000688, run size=000000ac bytes, compression=lzss
	.bss: load addr=00002220, load size=00000008 bytes, run addr=20000000, run size=00000482 bytes, compression=zero_init


LINKER GENERATED HANDLER TABLE

__TI_handler_table @ 00002210 records: 3, size/record: 4, table size: 12
	index: 0, handler: __TI_decompress_lzss
	index: 1, handler: __TI_decompress_none
	index: 2, handler: __TI_zero_init


GLOBAL SYMBOLS: SORTED ALPHABETICALLY BY Name 

address   name                          
-------   ----                          
000019f1  ADC0Seq0_Handler              
000019f3  ADC0Seq1_Handler              
000019f5  ADC0Seq2_Handler              
000019f7  ADC0Seq3_Handler              
00001a35  ADC1Seq0_Handler              
00001a37  ADC1Seq1_Handler              
00001a39  ADC1Seq2_Handler              
00001a3b  ADC1Seq3_Handler              
0000102d  Blynk_to_TM4C_READ            
000020a5  C$$EXIT                       
00001a23  CAN0_Handler                  
00001a25  CAN1_Handler                  
00001a27  CAN2_Handler                  
00001a07  Comp0_Handler                 
00001a09  Comp1_Handler                 
00001a0b  Comp2_Handler                 
000019cf  DebugMon_Handler              
00000635  DelayMs                       
00001ab9  DisableInterrupts             
20000404  Done                          
20000408  E                             
0000054b  ESP8266_AvailableInput        
0000034f  ESP8266_GetMessage            
00000665  ESP8266_Init                  
000006cd  ESP8266_Init_Safe             
00000553  ESP8266_OutChar               
000005e1  ESP8266_OutString             
00000605  ESP8266_OutUDec               
00000765  ESP8266_Reset                 
000007b9  ESP8266_SetupWiFi             
00001195  ESP_Init                      
20000710  E_old                         
00001557  EdgeCounterPortF_Init         
00001abd  EnableInterrupts              
00001ac9  EndCritical                   
00001a29  Ethernet_Handler              
00001a3f  ExtBus_Handler                
00001a79  FPU_Handler                   
2000072c  FallingEdges                  
00001a89  Fan0_Handler                  
00001a0f  FlashCtl_Handler              
000019d5  GPIOPortA_Handler             
000019d7  GPIOPortB_Handler             
000019d9  GPIOPortC_Handler             
000019db  GPIOPortD_Handler             
000019dd  GPIOPortE_Handler             
000015fd  GPIOPortF_Handler             
00001a13  GPIOPortG_Handler             
00001a15  GPIOPortH_Handler             
00001a41  GPIOPortJ_Handler             
00001a43  GPIOPortK_Handler             
00001a45  GPIOPortL_Handler             
00001a83  GPIOPortM_Handler             
00001a85  GPIOPortN_Handler             
00001a8d  GPIOPortP1_Handler            
00001a8f  GPIOPortP2_Handler            
00001a91  GPIOPortP3_Handler            
00001a93  GPIOPortP4_Handler            
00001a95  GPIOPortP5_Handler            
00001a97  GPIOPortP6_Handler            
00001a99  GPIOPortP7_Handler            
00001a8b  GPIOPortP_Handler             
00001a9d  GPIOPortQ1_Handler            
00001a9f  GPIOPortQ2_Handler            
00001aa1  GPIOPortQ3_Handler            
00001aa3  GPIOPortQ4_Handler            
00001aa5  GPIOPortQ5_Handler            
00001aa7  GPIOPortQ6_Handler            
00001aa9  GPIOPortQ7_Handler            
00001a9b  GPIOPortQ_Handler             
00001aab  GPIOPortR_Handler             
00001aad  GPIOPortS_Handler             
00001a2b  Hibernate_Handler             
2000040c  I                             
000019e5  I2C0_Handler                  
00001a1f  I2C1_Handler                  
00001a55  I2C2_Handler                  
00001a57  I2C3_Handler                  
00001a7f  I2C4_Handler                  
00001a81  I2C5_Handler                  
00001a3d  I2S0_Handler                  
0000127d  InitMotor                     
0000184d  InitTachDriver                
20000410  KI_1                          
20000414  KI_2                          
20000418  KP_1                          
2000041c  KP_2                          
00001a7d  LPC0_Handler                  
000018a9  LaunchPad_Init                
000018e1  LaunchPad_Input               
0000197f  LaunchPad_Output              
0000194f  LaunchPad_WaitForRelease      
00001933  LaunchPad_WaitForTouch        
20000420  MotorSpeed                    
20000424  P                             
00001a7b  PECI0_Handler                 
00001385  PI_Loop                       
00001d71  PLL_Init                      
000019e7  PWM0Fault_Handler             
000019e9  PWM0Generator0_Handler        
000019eb  PWM0Generator1_Handler        
000019ed  PWM0Generator2_Handler        
00001a2f  PWM0Generator3_Handler        
00001ab7  PWM1Fault_Handler             
00001aaf  PWM1Generator0_Handler        
00001ab1  PWM1Generator1_Handler        
00001ab3  PWM1Generator2_Handler        
00001ab5  PWM1Generator3_Handler        
000019d1  PendSV_Handler                
20000428  Period                        
00001755  PeriodMeasure_Init            
2000042c  PeriodicTask1                 
20000430  PeriodicTask2                 
20000434  PeriodicTask3                 
20000715  Pin_Float                     
2000071d  Pin_Integer                   
20000725  Pin_Number                    
0000150f  PortC_Init                    
000019ef  Quadrature0_Handler           
00001a21  Quadrature1_Handler           
00001a87  Quadrature2_Handler           
20000438  RPS_Desired                   
2000043c  RPS_Measured                  
20000708  RPS_Measured_old              
000019c1  ResetISR                      
20000000  Rx5Fifo                       
0000026d  Rx5Fifo_Init                  
0000028b  Rx5Fifo_Put                   
000003ab  Rx5Fifo_Size                  
20000440  Rx5GetI                       
20000444  Rx5PutI                       
20000448  Rx5PutJ                       
00000a49  RxFifo_Get                    
000009f5  RxFifo_Init                   
00000a0f  RxFifo_Put                    
00000a7d  RxFifo_Size                   
2000044c  RxGetI                        
20000380  RxMessage                     
20000450  RxPutI                        
000019e3  SSI0_Handler                  
00001a19  SSI1_Handler                  
00001a47  SSI2_Handler                  
00001a49  SSI3_Handler                  
000019cd  SVC_Handler                   
20000454  SW1                           
20000458  SW2                           
2000045c  SW3                           
2000047c  SW_Delay1                     
2000047e  SW_Delay2                     
20000480  SW_Delay3                     
00001137  Send_Information              
0000136f  SetDuty                       
00001ac1  StartCritical                 
000014f9  Switches_Handler              
0000162b  Switches_Init                 
0000165b  Switches_Loop                 
00001a0d  SysCtl_Handler                
000019d3  SysTick_Handler               
00000ff9  TM4C_to_Blynk                 
00001811  Timer0A_Handler               
000019fd  Timer0B_Handler               
00001b3f  Timer1A_Handler               
00001ad5  Timer1A_Init                  
00001b4f  Timer1A_Stop                  
00001a01  Timer1B_Handler               
00001bf7  Timer2A_Handler               
00001a05  Timer2B_Handler               
00001b91  Timer2_Init                   
00001c99  Timer3A_Handler               
00001a1d  Timer3B_Handler               
00001c35  Timer3_Init                   
00001a59  Timer4A_Handler               
00001a5b  Timer4B_Handler               
00001a5d  Timer5A_Handler               
00001a5f  Timer5B_Handler               
0000040b  Tx5Fifo_Get                   
000003b7  Tx5Fifo_Init                  
000003d1  Tx5Fifo_Put                   
0000043f  Tx5Fifo_Size                  
20000460  Tx5GetI                       
20000464  Tx5PutI                       
00000add  TxFifo_Get                    
00000a89  TxFifo_Init                   
00000aa3  TxFifo_Put                    
00000b11  TxFifo_Size                   
20000468  TxGetI                        
2000046c  TxPutI                        
20000470  U                             
00000d09  UART0_Handler                 
000019e1  UART1_Handler                 
00001a17  UART2_Handler                 
00001a4b  UART3_Handler                 
00001a4d  UART4_Handler                 
0000058d  UART5_Handler                 
0000044b  UART5_Init                    
00001a51  UART6_Handler                 
00001a53  UART7_Handler                 
00000caf  UART_InChar                   
00000cc1  UART_InCharNonBlock           
00000f7d  UART_InString                 
00000d81  UART_InUDec                   
00000e6d  UART_InUHex                   
00000b1d  UART_Init                     
00000bc3  UART_Init_Safe                
00000cd5  UART_OutChar                  
00000d53  UART_OutString                
00000e05  UART_OutUDec                  
00000f39  UART_OutUHex                  
00001a2d  USB0_Handler                  
2000070c  U_old                         
20000728  U_old2                        
000019f9  WDT_Handler                   
00001acf  WaitForInterrupt              
00001a61  WideTimer0A_Handler           
00001a63  WideTimer0B_Handler           
00001a65  WideTimer1A_Handler           
00001a67  WideTimer1B_Handler           
00001a69  WideTimer2A_Handler           
00001a6b  WideTimer2B_Handler           
00001a6d  WideTimer3A_Handler           
00001a6f  WideTimer3B_Handler           
00001a71  WideTimer4A_Handler           
00001a73  WideTimer4B_Handler           
00001a75  WideTimer5A_Handler           
00001a77  WideTimer5B_Handler           
20000688  __STACK_END                   
00000200  __STACK_SIZE                  
20000688  __STACK_TOP                   
00002228  __TI_CINIT_Base               
00002238  __TI_CINIT_Limit              
00002210  __TI_Handler_Table_Base       
0000221c  __TI_Handler_Table_Limit      
00001f29  __TI_auto_init_nobinit_nopinit
00001e73  __TI_decompress_lzss          
00002087  __TI_decompress_none          
ffffffff  __TI_pprof_out_hndl           
ffffffff  __TI_prof_data_size           
ffffffff  __TI_prof_data_start          
00000000  __TI_static_base__            
00002095  __TI_zero_init                
00001df9  __aeabi_memclr                
00001df9  __aeabi_memclr4               
00001df9  __aeabi_memclr8               
00001cd5  __aeabi_memcpy                
00001cd5  __aeabi_memcpy4               
00001cd5  __aeabi_memcpy8               
00001dfb  __aeabi_memset                
00001dfb  __aeabi_memset4               
00001dfb  __aeabi_memset8               
ffffffff  __binit__                     
ffffffff  __c_args__                    
UNDEFED   __mpu_init                    
20000488  __stack                       
20000000  __start___llvm_prf_cnts       
20000000  __stop___llvm_prf_cnts        
00001ff1  _c_int00_noargs               
000020a8  _ctypes_                      
UNDEFED   _system_post_cinit            
000020a1  _system_pre_init              
000020a5  abort                         
00001edd  atoi                          
20000688  auth                          
ffffffff  binit                         
20000714  esp_ready                     
00000000  g_pfnVectors                  
00001f6d  main                          
00001cd5  memcpy                        
00001e01  memset                        
200006c8  pass                          
20000474  pin_int                       
20000478  pin_num                       
200003c0  serial_buf                    
200006e8  ssid                          
00002073  strcpy                        
0000204f  strcspn                       
00002025  strspn                        
00001fb1  strtok                        
00001a33  uDMA_Error                    
00001a31  uDMA_Handler                  


GLOBAL SYMBOLS: SORTED BY Symbol Address 

address   name                          
-------   ----                          
00000000  __TI_static_base__            
00000000  g_pfnVectors                  
00000200  __STACK_SIZE                  
0000026d  Rx5Fifo_Init                  
0000028b  Rx5Fifo_Put                   
0000034f  ESP8266_GetMessage            
000003ab  Rx5Fifo_Size                  
000003b7  Tx5Fifo_Init                  
000003d1  Tx5Fifo_Put                   
0000040b  Tx5Fifo_Get                   
0000043f  Tx5Fifo_Size                  
0000044b  UART5_Init                    
0000054b  ESP8266_AvailableInput        
00000553  ESP8266_OutChar               
0000058d  UART5_Handler                 
000005e1  ESP8266_OutString             
00000605  ESP8266_OutUDec               
00000635  DelayMs                       
00000665  ESP8266_Init                  
000006cd  ESP8266_Init_Safe             
00000765  ESP8266_Reset                 
000007b9  ESP8266_SetupWiFi             
000009f5  RxFifo_Init                   
00000a0f  RxFifo_Put                    
00000a49  RxFifo_Get                    
00000a7d  RxFifo_Size                   
00000a89  TxFifo_Init                   
00000aa3  TxFifo_Put                    
00000add  TxFifo_Get                    
00000b11  TxFifo_Size                   
00000b1d  UART_Init                     
00000bc3  UART_Init_Safe                
00000caf  UART_InChar                   
00000cc1  UART_InCharNonBlock           
00000cd5  UART_OutChar                  
00000d09  UART0_Handler                 
00000d53  UART_OutString                
00000d81  UART_InUDec                   
00000e05  UART_OutUDec                  
00000e6d  UART_InUHex                   
00000f39  UART_OutUHex                  
00000f7d  UART_InString                 
00000ff9  TM4C_to_Blynk                 
0000102d  Blynk_to_TM4C_READ            
00001137  Send_Information              
00001195  ESP_Init                      
0000127d  InitMotor                     
0000136f  SetDuty                       
00001385  PI_Loop                       
000014f9  Switches_Handler              
0000150f  PortC_Init                    
00001557  EdgeCounterPortF_Init         
000015fd  GPIOPortF_Handler             
0000162b  Switches_Init                 
0000165b  Switches_Loop                 
00001755  PeriodMeasure_Init            
00001811  Timer0A_Handler               
0000184d  InitTachDriver                
000018a9  LaunchPad_Init                
000018e1  LaunchPad_Input               
00001933  LaunchPad_WaitForTouch        
0000194f  LaunchPad_WaitForRelease      
0000197f  LaunchPad_Output              
000019c1  ResetISR                      
000019cd  SVC_Handler                   
000019cf  DebugMon_Handler              
000019d1  PendSV_Handler                
000019d3  SysTick_Handler               
000019d5  GPIOPortA_Handler             
000019d7  GPIOPortB_Handler             
000019d9  GPIOPortC_Handler             
000019db  GPIOPortD_Handler             
000019dd  GPIOPortE_Handler             
000019e1  UART1_Handler                 
000019e3  SSI0_Handler                  
000019e5  I2C0_Handler                  
000019e7  PWM0Fault_Handler             
000019e9  PWM0Generator0_Handler        
000019eb  PWM0Generator1_Handler        
000019ed  PWM0Generator2_Handler        
000019ef  Quadrature0_Handler           
000019f1  ADC0Seq0_Handler              
000019f3  ADC0Seq1_Handler              
000019f5  ADC0Seq2_Handler              
000019f7  ADC0Seq3_Handler              
000019f9  WDT_Handler                   
000019fd  Timer0B_Handler               
00001a01  Timer1B_Handler               
00001a05  Timer2B_Handler               
00001a07  Comp0_Handler                 
00001a09  Comp1_Handler                 
00001a0b  Comp2_Handler                 
00001a0d  SysCtl_Handler                
00001a0f  FlashCtl_Handler              
00001a13  GPIOPortG_Handler             
00001a15  GPIOPortH_Handler             
00001a17  UART2_Handler                 
00001a19  SSI1_Handler                  
00001a1d  Timer3B_Handler               
00001a1f  I2C1_Handler                  
00001a21  Quadrature1_Handler           
00001a23  CAN0_Handler                  
00001a25  CAN1_Handler                  
00001a27  CAN2_Handler                  
00001a29  Ethernet_Handler              
00001a2b  Hibernate_Handler             
00001a2d  USB0_Handler                  
00001a2f  PWM0Generator3_Handler        
00001a31  uDMA_Handler                  
00001a33  uDMA_Error                    
00001a35  ADC1Seq0_Handler              
00001a37  ADC1Seq1_Handler              
00001a39  ADC1Seq2_Handler              
00001a3b  ADC1Seq3_Handler              
00001a3d  I2S0_Handler                  
00001a3f  ExtBus_Handler                
00001a41  GPIOPortJ_Handler             
00001a43  GPIOPortK_Handler             
00001a45  GPIOPortL_Handler             
00001a47  SSI2_Handler                  
00001a49  SSI3_Handler                  
00001a4b  UART3_Handler                 
00001a4d  UART4_Handler                 
00001a51  UART6_Handler                 
00001a53  UART7_Handler                 
00001a55  I2C2_Handler                  
00001a57  I2C3_Handler                  
00001a59  Timer4A_Handler               
00001a5b  Timer4B_Handler               
00001a5d  Timer5A_Handler               
00001a5f  Timer5B_Handler               
00001a61  WideTimer0A_Handler           
00001a63  WideTimer0B_Handler           
00001a65  WideTimer1A_Handler           
00001a67  WideTimer1B_Handler           
00001a69  WideTimer2A_Handler           
00001a6b  WideTimer2B_Handler           
00001a6d  WideTimer3A_Handler           
00001a6f  WideTimer3B_Handler           
00001a71  WideTimer4A_Handler           
00001a73  WideTimer4B_Handler           
00001a75  WideTimer5A_Handler           
00001a77  WideTimer5B_Handler           
00001a79  FPU_Handler                   
00001a7b  PECI0_Handler                 
00001a7d  LPC0_Handler                  
00001a7f  I2C4_Handler                  
00001a81  I2C5_Handler                  
00001a83  GPIOPortM_Handler             
00001a85  GPIOPortN_Handler             
00001a87  Quadrature2_Handler           
00001a89  Fan0_Handler                  
00001a8b  GPIOPortP_Handler             
00001a8d  GPIOPortP1_Handler            
00001a8f  GPIOPortP2_Handler            
00001a91  GPIOPortP3_Handler            
00001a93  GPIOPortP4_Handler            
00001a95  GPIOPortP5_Handler            
00001a97  GPIOPortP6_Handler            
00001a99  GPIOPortP7_Handler            
00001a9b  GPIOPortQ_Handler             
00001a9d  GPIOPortQ1_Handler            
00001a9f  GPIOPortQ2_Handler            
00001aa1  GPIOPortQ3_Handler            
00001aa3  GPIOPortQ4_Handler            
00001aa5  GPIOPortQ5_Handler            
00001aa7  GPIOPortQ6_Handler            
00001aa9  GPIOPortQ7_Handler            
00001aab  GPIOPortR_Handler             
00001aad  GPIOPortS_Handler             
00001aaf  PWM1Generator0_Handler        
00001ab1  PWM1Generator1_Handler        
00001ab3  PWM1Generator2_Handler        
00001ab5  PWM1Generator3_Handler        
00001ab7  PWM1Fault_Handler             
00001ab9  DisableInterrupts             
00001abd  EnableInterrupts              
00001ac1  StartCritical                 
00001ac9  EndCritical                   
00001acf  WaitForInterrupt              
00001ad5  Timer1A_Init                  
00001b3f  Timer1A_Handler               
00001b4f  Timer1A_Stop                  
00001b91  Timer2_Init                   
00001bf7  Timer2A_Handler               
00001c35  Timer3_Init                   
00001c99  Timer3A_Handler               
00001cd5  __aeabi_memcpy                
00001cd5  __aeabi_memcpy4               
00001cd5  __aeabi_memcpy8               
00001cd5  memcpy                        
00001d71  PLL_Init                      
00001df9  __aeabi_memclr                
00001df9  __aeabi_memclr4               
00001df9  __aeabi_memclr8               
00001dfb  __aeabi_memset                
00001dfb  __aeabi_memset4               
00001dfb  __aeabi_memset8               
00001e01  memset                        
00001e73  __TI_decompress_lzss          
00001edd  atoi                          
00001f29  __TI_auto_init_nobinit_nopinit
00001f6d  main                          
00001fb1  strtok                        
00001ff1  _c_int00_noargs               
00002025  strspn                        
0000204f  strcspn                       
00002073  strcpy                        
00002087  __TI_decompress_none          
00002095  __TI_zero_init                
000020a1  _system_pre_init              
000020a5  C$$EXIT                       
000020a5  abort                         
000020a8  _ctypes_                      
00002210  __TI_Handler_Table_Base       
0000221c  __TI_Handler_Table_Limit      
00002228  __TI_CINIT_Base               
00002238  __TI_CINIT_Limit              
20000000  Rx5Fifo                       
20000000  __start___llvm_prf_cnts       
20000000  __stop___llvm_prf_cnts        
20000380  RxMessage                     
200003c0  serial_buf                    
20000404  Done                          
20000408  E                             
2000040c  I                             
20000410  KI_1                          
20000414  KI_2                          
20000418  KP_1                          
2000041c  KP_2                          
20000420  MotorSpeed                    
20000424  P                             
20000428  Period                        
2000042c  PeriodicTask1                 
20000430  PeriodicTask2                 
20000434  PeriodicTask3                 
20000438  RPS_Desired                   
2000043c  RPS_Measured                  
20000440  Rx5GetI                       
20000444  Rx5PutI                       
20000448  Rx5PutJ                       
2000044c  RxGetI                        
20000450  RxPutI                        
20000454  SW1                           
20000458  SW2                           
2000045c  SW3                           
20000460  Tx5GetI                       
20000464  Tx5PutI                       
20000468  TxGetI                        
2000046c  TxPutI                        
20000470  U                             
20000474  pin_int                       
20000478  pin_num                       
2000047c  SW_Delay1                     
2000047e  SW_Delay2                     
20000480  SW_Delay3                     
20000488  __stack                       
20000688  __STACK_END                   
20000688  __STACK_TOP                   
20000688  auth                          
200006c8  pass                          
200006e8  ssid                          
20000708  RPS_Measured_old              
2000070c  U_old                         
20000710  E_old                         
20000714  esp_ready                     
20000715  Pin_Float                     
2000071d  Pin_Integer                   
20000725  Pin_Number                    
20000728  U_old2                        
2000072c  FallingEdges                  
ffffffff  __TI_pprof_out_hndl           
ffffffff  __TI_prof_data_size           
ffffffff  __TI_prof_data_start          
ffffffff  __binit__                     
ffffffff  __c_args__                    
ffffffff  binit                         
UNDEFED   __mpu_init                    
UNDEFED   _system_post_cinit            

[279 symbols]
