******************************************************************************
                  TI ARM Linker Unix v20.2.5                   
******************************************************************************
>> Linked Mon Nov 15 23:14:42 2021

OUTPUT FILE NAME:   <Lab-10.out>
ENTRY POINT SYMBOL: "_c_int00_noargs"  address: 00001ab1


MEMORY CONFIGURATION

         name            origin    length      used     unused   attr    fill
----------------------  --------  ---------  --------  --------  ----  --------
  FLASH                 00000000   00040000  00001b76  0003e48a  R  X
  SRAM                  20000000   00008000  00000692  0000796e  RW X


SEGMENT ALLOCATION MAP

run origin  load origin   length   init length attrs members
----------  ----------- ---------- ----------- ----- -------
00000000    00000000    00001b78   00001b78    r-x
  00000000    00000000    0000026c   0000026c    r-- .intvecs
  0000026c    0000026c    0000189a   0000189a    r-x .text
  00001b08    00001b08    00000070   00000070    r-- .cinit
20000000    20000000    00000694   00000000    rw-
  20000000    20000000    0000040e   00000000    rw- .bss
  20000410    20000410    00000200   00000000    rw- .stack
  20000610    20000610    00000084   00000000    rw- .data


SECTION ALLOCATION MAP

 output                                  attributes/
section   page    origin      length       input sections
--------  ----  ----------  ----------   ----------------
.intvecs   0    00000000    0000026c     
                  00000000    0000026c     tm4c123gh6pm_startup_ccs.obj (.intvecs)

.text      0    0000026c    0000189a     
                  0000026c    00000788     esp8266Lab4.obj (.text)
                  000009f4    00000602     UARTLab4.obj (.text)
                  00000ff6    00000002     --HOLE-- [fill = 0]
                  00000ff8    0000025c     SwitchDriver.obj (.text)
                  00001254    00000154     TachDriver.obj (.text)
                  000013a8    00000118     LaunchPad.obj (.text)
                  000014c0    00000112     tm4c123gh6pm_startup_ccs.obj (.text)
                  000015d2    00000002     --HOLE-- [fill = 0]
                  000015d4    0000010c     MotorDriver.obj (.text)
                  000016e0    000000a4     Timer2.obj (.text)
                  00001784    000000a0     Timer3.obj (.text)
                  00001824    0000009c     rtsv7M4_T_le_v4SPD16_eabi.lib : memcpy_t2.asm.obj (.text)
                  000018c0    00000088     PLL.obj (.text)
                  00001948    0000007a     rtsv7M4_T_le_v4SPD16_eabi.lib : memset_t2.asm.obj (.text)
                  000019c2    00000068                                   : copy_decompress_lzss.c.obj (.text:decompress:lzss:__TI_decompress_lzss)
                  00001a2a    00000002     --HOLE-- [fill = 0]
                  00001a2c    00000044                                   : autoinit.c.obj (.text:__TI_auto_init_nobinit_nopinit:__TI_auto_init_nobinit_nopinit)
                  00001a70    00000040     main.obj (.text)
                  00001ab0    00000034     rtsv7M4_T_le_v4SPD16_eabi.lib : boot_cortex_m.c.obj (.text:_c_int00_noargs:_c_int00_noargs)
                  00001ae4    0000000e                                   : copy_decompress_none.c.obj (.text:decompress:none:__TI_decompress_none)
                  00001af2    0000000c                                   : copy_zero_init.c.obj (.text:decompress:ZI:__TI_zero_init)
                  00001afe    00000004                                   : pre_init.c.obj (.text:_system_pre_init)
                  00001b02    00000004                                   : exit.c.obj (.text:abort:abort)

.cinit     0    00001b08    00000070     
                  00001b08    0000004b     (.cinit..data.load) [load image, compression = lzss]
                  00001b53    00000001     --HOLE-- [fill = 0]
                  00001b54    0000000c     (__TI_handler_table)
                  00001b60    00000008     (.cinit..bss.load) [load image, compression = zero_init]
                  00001b68    00000010     (__TI_cinit_table)

.init_array 
*          0    00000000    00000000     UNINITIALIZED

.bss       0    20000000    0000040e     UNINITIALIZED
                  20000000    00000200     (.common:Rx5Fifo)
                  20000200    00000100     esp8266Lab4.obj (.bss:Tx5Fifo)
                  20000300    00000040     UARTLab4.obj (.bss:RxFifo)
                  20000340    00000040     UARTLab4.obj (.bss:TxFifo)
                  20000380    00000040     (.common:RxMessage)
                  200003c0    00000004     TachDriver.obj (.bss)
                  200003c4    00000004     (.common:Done)
                  200003c8    00000004     (.common:Period)
                  200003cc    00000004     (.common:PeriodicTask2)
                  200003d0    00000004     (.common:PeriodicTask3)
                  200003d4    00000004     (.common:RPS)
                  200003d8    00000004     (.common:Rx5GetI)
                  200003dc    00000004     (.common:Rx5PutI)
                  200003e0    00000004     (.common:Rx5PutJ)
                  200003e4    00000004     (.common:RxGetI)
                  200003e8    00000004     (.common:RxPutI)
                  200003ec    00000004     (.common:SW1)
                  200003f0    00000004     (.common:SW2)
                  200003f4    00000004     (.common:SW3)
                  200003f8    00000004     (.common:Tx5GetI)
                  200003fc    00000004     (.common:Tx5PutI)
                  20000400    00000004     (.common:TxGetI)
                  20000404    00000004     (.common:TxPutI)
                  20000408    00000002     (.common:SW_Delay1)
                  2000040a    00000002     (.common:SW_Delay2)
                  2000040c    00000002     (.common:SW_Delay3)

.data      0    20000610    00000084     UNINITIALIZED
                  20000610    00000040     esp8266Lab4.obj (.data:auth)
                  20000650    00000020     esp8266Lab4.obj (.data:pass)
                  20000670    00000020     esp8266Lab4.obj (.data:ssid)
                  20000690    00000004     SwitchDriver.obj (.data)

.stack     0    20000410    00000200     UNINITIALIZED
                  20000410    00000004     rtsv7M4_T_le_v4SPD16_eabi.lib : boot_cortex_m.c.obj (.stack)
                  20000414    000001fc     --HOLE--

__llvm_prf_cnts 
*          0    20000000    00000000     UNINITIALIZED

MODULE SUMMARY

       Module                         code   ro data   rw data
       ------                         ----   -------   -------
    ./
       tm4c123gh6pm_startup_ccs.obj   274    620       0      
       SwitchDriver.obj               604    0         22     
       TachDriver.obj                 340    0         16     
       MotorDriver.obj                268    0         0      
       main.obj                       64     0         0      
    +--+------------------------------+------+---------+---------+
       Total:                         1550   620       38     
                                                              
    ./inc/
       esp8266Lab4.obj                1928   0         980    
       UARTLab4.obj                   1538   0         144    
       LaunchPad.obj                  280    0         0      
       Timer2.obj                     164    0         4      
       Timer3.obj                     160    0         4      
       PLL.obj                        136    0         0      
    +--+------------------------------+------+---------+---------+
       Total:                         4206   0         1132   
                                                              
    /Applications/ti/ccs1100/ccs/tools/compiler/ti-cgt-arm_20.2.5.LTS/lib/rtsv7M4_T_le_v4SPD16_eabi.lib
       memcpy_t2.asm.obj              156    0         0      
       memset_t2.asm.obj              122    0         0      
       copy_decompress_lzss.c.obj     104    0         0      
       autoinit.c.obj                 68     0         0      
       boot_cortex_m.c.obj            52     0         0      
       copy_decompress_none.c.obj     14     0         0      
       copy_zero_init.c.obj           12     0         0      
       exit.c.obj                     4      0         0      
       pre_init.c.obj                 4      0         0      
    +--+------------------------------+------+---------+---------+
       Total:                         536    0         0      
                                                              
       Stack:                         0      0         512    
       Linker Generated:              0      111       0      
    +--+------------------------------+------+---------+---------+
       Grand Total:                   6292   731       1682   


LINKER GENERATED COPY TABLES

__TI_cinit_table @ 00001b68 records: 2, size/record: 8, table size: 16
	.data: load addr=00001b08, load size=0000004b bytes, run addr=20000610, run size=00000084 bytes, compression=lzss
	.bss: load addr=00001b60, load size=00000008 bytes, run addr=20000000, run size=0000040e bytes, compression=zero_init


LINKER GENERATED HANDLER TABLE

__TI_handler_table @ 00001b54 records: 3, size/record: 4, table size: 12
	index: 0, handler: __TI_decompress_lzss
	index: 1, handler: __TI_decompress_none
	index: 2, handler: __TI_zero_init


GLOBAL SYMBOLS: SORTED ALPHABETICALLY BY Name 

address   name                          
-------   ----                          
000014f1  ADC0Seq0_Handler              
000014f3  ADC0Seq1_Handler              
000014f5  ADC0Seq2_Handler              
000014f7  ADC0Seq3_Handler              
00001535  ADC1Seq0_Handler              
00001537  ADC1Seq1_Handler              
00001539  ADC1Seq2_Handler              
0000153b  ADC1Seq3_Handler              
00001b03  C$$EXIT                       
00001523  CAN0_Handler                  
00001525  CAN1_Handler                  
00001527  CAN2_Handler                  
00001507  Comp0_Handler                 
00001509  Comp1_Handler                 
0000150b  Comp2_Handler                 
000014cf  DebugMon_Handler              
00000635  DelayMs                       
000015b9  DisableInterrupts             
200003c4  Done                          
0000054b  ESP8266_AvailableInput        
0000034f  ESP8266_GetMessage            
00000665  ESP8266_Init                  
000006cd  ESP8266_Init_Safe             
00000553  ESP8266_OutChar               
000005e1  ESP8266_OutString             
00000605  ESP8266_OutUDec               
00000765  ESP8266_Reset                 
000007b9  ESP8266_SetupWiFi             
00001057  EdgeCounterPortF_Init         
000015bd  EnableInterrupts              
000015c9  EndCritical                   
00001529  Ethernet_Handler              
0000153f  ExtBus_Handler                
00001579  FPU_Handler                   
20000690  FallingEdges                  
00001589  Fan0_Handler                  
0000150f  FlashCtl_Handler              
000014d5  GPIOPortA_Handler             
000014d7  GPIOPortB_Handler             
000014d9  GPIOPortC_Handler             
000014db  GPIOPortD_Handler             
000014dd  GPIOPortE_Handler             
000010fd  GPIOPortF_Handler             
00001513  GPIOPortG_Handler             
00001515  GPIOPortH_Handler             
00001541  GPIOPortJ_Handler             
00001543  GPIOPortK_Handler             
00001545  GPIOPortL_Handler             
00001583  GPIOPortM_Handler             
00001585  GPIOPortN_Handler             
0000158d  GPIOPortP1_Handler            
0000158f  GPIOPortP2_Handler            
00001591  GPIOPortP3_Handler            
00001593  GPIOPortP4_Handler            
00001595  GPIOPortP5_Handler            
00001597  GPIOPortP6_Handler            
00001599  GPIOPortP7_Handler            
0000158b  GPIOPortP_Handler             
0000159d  GPIOPortQ1_Handler            
0000159f  GPIOPortQ2_Handler            
000015a1  GPIOPortQ3_Handler            
000015a3  GPIOPortQ4_Handler            
000015a5  GPIOPortQ5_Handler            
000015a7  GPIOPortQ6_Handler            
000015a9  GPIOPortQ7_Handler            
0000159b  GPIOPortQ_Handler             
000015ab  GPIOPortR_Handler             
000015ad  GPIOPortS_Handler             
0000152b  Hibernate_Handler             
000014e5  I2C0_Handler                  
0000151f  I2C1_Handler                  
00001555  I2C2_Handler                  
00001557  I2C3_Handler                  
0000157f  I2C4_Handler                  
00001581  I2C5_Handler                  
0000153d  I2S0_Handler                  
000015d5  InitMotor                     
0000134d  InitTachDriver                
0000157d  LPC0_Handler                  
000013a9  LaunchPad_Init                
000013e1  LaunchPad_Input               
0000147f  LaunchPad_Output              
0000144f  LaunchPad_WaitForRelease      
00001433  LaunchPad_WaitForTouch        
0000157b  PECI0_Handler                 
0000169f  PILoop                        
000018c1  PLL_Init                      
000014e7  PWM0Fault_Handler             
000014e9  PWM0Generator0_Handler        
000014eb  PWM0Generator1_Handler        
000014ed  PWM0Generator2_Handler        
0000152f  PWM0Generator3_Handler        
000015b7  PWM1Fault_Handler             
000015af  PWM1Generator0_Handler        
000015b1  PWM1Generator1_Handler        
000015b3  PWM1Generator2_Handler        
000015b5  PWM1Generator3_Handler        
000014d1  PendSV_Handler                
200003c8  Period                        
00001255  PeriodMeasure_Init            
200003cc  PeriodicTask2                 
200003d0  PeriodicTask3                 
0000100f  PortC_Init                    
000014ef  Quadrature0_Handler           
00001521  Quadrature1_Handler           
00001587  Quadrature2_Handler           
200003d4  RPS                           
000014c1  ResetISR                      
20000000  Rx5Fifo                       
0000026d  Rx5Fifo_Init                  
0000028b  Rx5Fifo_Put                   
000003ab  Rx5Fifo_Size                  
200003d8  Rx5GetI                       
200003dc  Rx5PutI                       
200003e0  Rx5PutJ                       
00000a49  RxFifo_Get                    
000009f5  RxFifo_Init                   
00000a0f  RxFifo_Put                    
00000a7d  RxFifo_Size                   
200003e4  RxGetI                        
20000380  RxMessage                     
200003e8  RxPutI                        
000014e3  SSI0_Handler                  
00001519  SSI1_Handler                  
00001547  SSI2_Handler                  
00001549  SSI3_Handler                  
000014cd  SVC_Handler                   
200003ec  SW1                           
200003f0  SW2                           
200003f4  SW3                           
20000408  SW_Delay1                     
2000040a  SW_Delay2                     
2000040c  SW_Delay3                     
00001689  SetDuty                       
000015c1  StartCritical                 
00000ff9  Switches_Handler              
0000112b  Switches_Init                 
0000115b  Switches_Loop                 
0000150d  SysCtl_Handler                
000014d3  SysTick_Handler               
00001311  Timer0A_Handler               
000014fd  Timer0B_Handler               
000014ff  Timer1A_Handler               
00001501  Timer1B_Handler               
00001747  Timer2A_Handler               
00001505  Timer2B_Handler               
000016e1  Timer2_Init                   
000017e9  Timer3A_Handler               
0000151d  Timer3B_Handler               
00001785  Timer3_Init                   
00001559  Timer4A_Handler               
0000155b  Timer4B_Handler               
0000155d  Timer5A_Handler               
0000155f  Timer5B_Handler               
0000040b  Tx5Fifo_Get                   
000003b7  Tx5Fifo_Init                  
000003d1  Tx5Fifo_Put                   
0000043f  Tx5Fifo_Size                  
200003f8  Tx5GetI                       
200003fc  Tx5PutI                       
00000add  TxFifo_Get                    
00000a89  TxFifo_Init                   
00000aa3  TxFifo_Put                    
00000b11  TxFifo_Size                   
20000400  TxGetI                        
20000404  TxPutI                        
00000d09  UART0_Handler                 
000014e1  UART1_Handler                 
00001517  UART2_Handler                 
0000154b  UART3_Handler                 
0000154d  UART4_Handler                 
0000058d  UART5_Handler                 
0000044b  UART5_Init                    
00001551  UART6_Handler                 
00001553  UART7_Handler                 
00000caf  UART_InChar                   
00000cc1  UART_InCharNonBlock           
00000f7d  UART_InString                 
00000d81  UART_InUDec                   
00000e6d  UART_InUHex                   
00000b1d  UART_Init                     
00000bc3  UART_Init_Safe                
00000cd5  UART_OutChar                  
00000d53  UART_OutString                
00000e05  UART_OutUDec                  
00000f39  UART_OutUHex                  
0000152d  USB0_Handler                  
000014f9  WDT_Handler                   
000015cf  WaitForInterrupt              
00001561  WideTimer0A_Handler           
00001563  WideTimer0B_Handler           
00001565  WideTimer1A_Handler           
00001567  WideTimer1B_Handler           
00001569  WideTimer2A_Handler           
0000156b  WideTimer2B_Handler           
0000156d  WideTimer3A_Handler           
0000156f  WideTimer3B_Handler           
00001571  WideTimer4A_Handler           
00001573  WideTimer4B_Handler           
00001575  WideTimer5A_Handler           
00001577  WideTimer5B_Handler           
20000610  __STACK_END                   
00000200  __STACK_SIZE                  
20000610  __STACK_TOP                   
00001b68  __TI_CINIT_Base               
00001b78  __TI_CINIT_Limit              
00001b54  __TI_Handler_Table_Base       
00001b60  __TI_Handler_Table_Limit      
00001a2d  __TI_auto_init_nobinit_nopinit
000019c3  __TI_decompress_lzss          
00001ae5  __TI_decompress_none          
ffffffff  __TI_pprof_out_hndl           
ffffffff  __TI_prof_data_size           
ffffffff  __TI_prof_data_start          
00000000  __TI_static_base__            
00001af3  __TI_zero_init                
00001949  __aeabi_memclr                
00001949  __aeabi_memclr4               
00001949  __aeabi_memclr8               
00001825  __aeabi_memcpy                
00001825  __aeabi_memcpy4               
00001825  __aeabi_memcpy8               
0000194b  __aeabi_memset                
0000194b  __aeabi_memset4               
0000194b  __aeabi_memset8               
ffffffff  __binit__                     
ffffffff  __c_args__                    
UNDEFED   __mpu_init                    
20000410  __stack                       
20000000  __start___llvm_prf_cnts       
20000000  __stop___llvm_prf_cnts        
00001ab1  _c_int00_noargs               
UNDEFED   _system_post_cinit            
00001aff  _system_pre_init              
00001b03  abort                         
20000610  auth                          
ffffffff  binit                         
00000000  g_pfnVectors                  
00001a71  main                          
00001825  memcpy                        
00001951  memset                        
20000650  pass                          
20000670  ssid                          
00001533  uDMA_Error                    
00001531  uDMA_Handler                  


GLOBAL SYMBOLS: SORTED BY Symbol Address 

address   name                          
-------   ----                          
00000000  __TI_static_base__            
00000000  g_pfnVectors                  
00000200  __STACK_SIZE                  
0000026d  Rx5Fifo_Init                  
0000028b  Rx5Fifo_Put                   
0000034f  ESP8266_GetMessage            
000003ab  Rx5Fifo_Size                  
000003b7  Tx5Fifo_Init                  
000003d1  Tx5Fifo_Put                   
0000040b  Tx5Fifo_Get                   
0000043f  Tx5Fifo_Size                  
0000044b  UART5_Init                    
0000054b  ESP8266_AvailableInput        
00000553  ESP8266_OutChar               
0000058d  UART5_Handler                 
000005e1  ESP8266_OutString             
00000605  ESP8266_OutUDec               
00000635  DelayMs                       
00000665  ESP8266_Init                  
000006cd  ESP8266_Init_Safe             
00000765  ESP8266_Reset                 
000007b9  ESP8266_SetupWiFi             
000009f5  RxFifo_Init                   
00000a0f  RxFifo_Put                    
00000a49  RxFifo_Get                    
00000a7d  RxFifo_Size                   
00000a89  TxFifo_Init                   
00000aa3  TxFifo_Put                    
00000add  TxFifo_Get                    
00000b11  TxFifo_Size                   
00000b1d  UART_Init                     
00000bc3  UART_Init_Safe                
00000caf  UART_InChar                   
00000cc1  UART_InCharNonBlock           
00000cd5  UART_OutChar                  
00000d09  UART0_Handler                 
00000d53  UART_OutString                
00000d81  UART_InUDec                   
00000e05  UART_OutUDec                  
00000e6d  UART_InUHex                   
00000f39  UART_OutUHex                  
00000f7d  UART_InString                 
00000ff9  Switches_Handler              
0000100f  PortC_Init                    
00001057  EdgeCounterPortF_Init         
000010fd  GPIOPortF_Handler             
0000112b  Switches_Init                 
0000115b  Switches_Loop                 
00001255  PeriodMeasure_Init            
00001311  Timer0A_Handler               
0000134d  InitTachDriver                
000013a9  LaunchPad_Init                
000013e1  LaunchPad_Input               
00001433  LaunchPad_WaitForTouch        
0000144f  LaunchPad_WaitForRelease      
0000147f  LaunchPad_Output              
000014c1  ResetISR                      
000014cd  SVC_Handler                   
000014cf  DebugMon_Handler              
000014d1  PendSV_Handler                
000014d3  SysTick_Handler               
000014d5  GPIOPortA_Handler             
000014d7  GPIOPortB_Handler             
000014d9  GPIOPortC_Handler             
000014db  GPIOPortD_Handler             
000014dd  GPIOPortE_Handler             
000014e1  UART1_Handler                 
000014e3  SSI0_Handler                  
000014e5  I2C0_Handler                  
000014e7  PWM0Fault_Handler             
000014e9  PWM0Generator0_Handler        
000014eb  PWM0Generator1_Handler        
000014ed  PWM0Generator2_Handler        
000014ef  Quadrature0_Handler           
000014f1  ADC0Seq0_Handler              
000014f3  ADC0Seq1_Handler              
000014f5  ADC0Seq2_Handler              
000014f7  ADC0Seq3_Handler              
000014f9  WDT_Handler                   
000014fd  Timer0B_Handler               
000014ff  Timer1A_Handler               
00001501  Timer1B_Handler               
00001505  Timer2B_Handler               
00001507  Comp0_Handler                 
00001509  Comp1_Handler                 
0000150b  Comp2_Handler                 
0000150d  SysCtl_Handler                
0000150f  FlashCtl_Handler              
00001513  GPIOPortG_Handler             
00001515  GPIOPortH_Handler             
00001517  UART2_Handler                 
00001519  SSI1_Handler                  
0000151d  Timer3B_Handler               
0000151f  I2C1_Handler                  
00001521  Quadrature1_Handler           
00001523  CAN0_Handler                  
00001525  CAN1_Handler                  
00001527  CAN2_Handler                  
00001529  Ethernet_Handler              
0000152b  Hibernate_Handler             
0000152d  USB0_Handler                  
0000152f  PWM0Generator3_Handler        
00001531  uDMA_Handler                  
00001533  uDMA_Error                    
00001535  ADC1Seq0_Handler              
00001537  ADC1Seq1_Handler              
00001539  ADC1Seq2_Handler              
0000153b  ADC1Seq3_Handler              
0000153d  I2S0_Handler                  
0000153f  ExtBus_Handler                
00001541  GPIOPortJ_Handler             
00001543  GPIOPortK_Handler             
00001545  GPIOPortL_Handler             
00001547  SSI2_Handler                  
00001549  SSI3_Handler                  
0000154b  UART3_Handler                 
0000154d  UART4_Handler                 
00001551  UART6_Handler                 
00001553  UART7_Handler                 
00001555  I2C2_Handler                  
00001557  I2C3_Handler                  
00001559  Timer4A_Handler               
0000155b  Timer4B_Handler               
0000155d  Timer5A_Handler               
0000155f  Timer5B_Handler               
00001561  WideTimer0A_Handler           
00001563  WideTimer0B_Handler           
00001565  WideTimer1A_Handler           
00001567  WideTimer1B_Handler           
00001569  WideTimer2A_Handler           
0000156b  WideTimer2B_Handler           
0000156d  WideTimer3A_Handler           
0000156f  WideTimer3B_Handler           
00001571  WideTimer4A_Handler           
00001573  WideTimer4B_Handler           
00001575  WideTimer5A_Handler           
00001577  WideTimer5B_Handler           
00001579  FPU_Handler                   
0000157b  PECI0_Handler                 
0000157d  LPC0_Handler                  
0000157f  I2C4_Handler                  
00001581  I2C5_Handler                  
00001583  GPIOPortM_Handler             
00001585  GPIOPortN_Handler             
00001587  Quadrature2_Handler           
00001589  Fan0_Handler                  
0000158b  GPIOPortP_Handler             
0000158d  GPIOPortP1_Handler            
0000158f  GPIOPortP2_Handler            
00001591  GPIOPortP3_Handler            
00001593  GPIOPortP4_Handler            
00001595  GPIOPortP5_Handler            
00001597  GPIOPortP6_Handler            
00001599  GPIOPortP7_Handler            
0000159b  GPIOPortQ_Handler             
0000159d  GPIOPortQ1_Handler            
0000159f  GPIOPortQ2_Handler            
000015a1  GPIOPortQ3_Handler            
000015a3  GPIOPortQ4_Handler            
000015a5  GPIOPortQ5_Handler            
000015a7  GPIOPortQ6_Handler            
000015a9  GPIOPortQ7_Handler            
000015ab  GPIOPortR_Handler             
000015ad  GPIOPortS_Handler             
000015af  PWM1Generator0_Handler        
000015b1  PWM1Generator1_Handler        
000015b3  PWM1Generator2_Handler        
000015b5  PWM1Generator3_Handler        
000015b7  PWM1Fault_Handler             
000015b9  DisableInterrupts             
000015bd  EnableInterrupts              
000015c1  StartCritical                 
000015c9  EndCritical                   
000015cf  WaitForInterrupt              
000015d5  InitMotor                     
00001689  SetDuty                       
0000169f  PILoop                        
000016e1  Timer2_Init                   
00001747  Timer2A_Handler               
00001785  Timer3_Init                   
000017e9  Timer3A_Handler               
00001825  __aeabi_memcpy                
00001825  __aeabi_memcpy4               
00001825  __aeabi_memcpy8               
00001825  memcpy                        
000018c1  PLL_Init                      
00001949  __aeabi_memclr                
00001949  __aeabi_memclr4               
00001949  __aeabi_memclr8               
0000194b  __aeabi_memset                
0000194b  __aeabi_memset4               
0000194b  __aeabi_memset8               
00001951  memset                        
000019c3  __TI_decompress_lzss          
00001a2d  __TI_auto_init_nobinit_nopinit
00001a71  main                          
00001ab1  _c_int00_noargs               
00001ae5  __TI_decompress_none          
00001af3  __TI_zero_init                
00001aff  _system_pre_init              
00001b03  C$$EXIT                       
00001b03  abort                         
00001b54  __TI_Handler_Table_Base       
00001b60  __TI_Handler_Table_Limit      
00001b68  __TI_CINIT_Base               
00001b78  __TI_CINIT_Limit              
20000000  Rx5Fifo                       
20000000  __start___llvm_prf_cnts       
20000000  __stop___llvm_prf_cnts        
20000380  RxMessage                     
200003c4  Done                          
200003c8  Period                        
200003cc  PeriodicTask2                 
200003d0  PeriodicTask3                 
200003d4  RPS                           
200003d8  Rx5GetI                       
200003dc  Rx5PutI                       
200003e0  Rx5PutJ                       
200003e4  RxGetI                        
200003e8  RxPutI                        
200003ec  SW1                           
200003f0  SW2                           
200003f4  SW3                           
200003f8  Tx5GetI                       
200003fc  Tx5PutI                       
20000400  TxGetI                        
20000404  TxPutI                        
20000408  SW_Delay1                     
2000040a  SW_Delay2                     
2000040c  SW_Delay3                     
20000410  __stack                       
20000610  __STACK_END                   
20000610  __STACK_TOP                   
20000610  auth                          
20000650  pass                          
20000670  ssid                          
20000690  FallingEdges                  
ffffffff  __TI_pprof_out_hndl           
ffffffff  __TI_prof_data_size           
ffffffff  __TI_prof_data_start          
ffffffff  __binit__                     
ffffffff  __c_args__                    
ffffffff  binit                         
UNDEFED   __mpu_init                    
UNDEFED   _system_post_cinit            

[245 symbols]
